Archive member included to satisfy reference by file (symbol)

D:/STM32_IDE/STM32CubeIDE_1.14.0/STM32CubeIDE/plugins/com.st.stm32cube.ide.mcu.externaltools.gnu-tools-for-stm32.11.3.rel1.win32_1.1.100.202309141235/tools/bin/../lib/gcc/arm-none-eabi/11.3.1/../../../../arm-none-eabi/lib/thumb/v7-m/nofp\libc_nano.a(libc_a-exit.o)
                              D:/STM32_IDE/STM32CubeIDE_1.14.0/STM32CubeIDE/plugins/com.st.stm32cube.ide.mcu.externaltools.gnu-tools-for-stm32.11.3.rel1.win32_1.1.100.202309141235/tools/bin/../lib/gcc/arm-none-eabi/11.3.1/../../../../arm-none-eabi/lib/thumb/v7-m/nofp/crt0.o (exit)
D:/STM32_IDE/STM32CubeIDE_1.14.0/STM32CubeIDE/plugins/com.st.stm32cube.ide.mcu.externaltools.gnu-tools-for-stm32.11.3.rel1.win32_1.1.100.202309141235/tools/bin/../lib/gcc/arm-none-eabi/11.3.1/../../../../arm-none-eabi/lib/thumb/v7-m/nofp\libc_nano.a(libc_a-findfp.o)
                              D:/STM32_IDE/STM32CubeIDE_1.14.0/STM32CubeIDE/plugins/com.st.stm32cube.ide.mcu.externaltools.gnu-tools-for-stm32.11.3.rel1.win32_1.1.100.202309141235/tools/bin/../lib/gcc/arm-none-eabi/11.3.1/../../../../arm-none-eabi/lib/thumb/v7-m/nofp\libc_nano.a(libc_a-exit.o) (__stdio_exit_handler)
D:/STM32_IDE/STM32CubeIDE_1.14.0/STM32CubeIDE/plugins/com.st.stm32cube.ide.mcu.externaltools.gnu-tools-for-stm32.11.3.rel1.win32_1.1.100.202309141235/tools/bin/../lib/gcc/arm-none-eabi/11.3.1/../../../../arm-none-eabi/lib/thumb/v7-m/nofp\libc_nano.a(libc_a-fwalk.o)
                              D:/STM32_IDE/STM32CubeIDE_1.14.0/STM32CubeIDE/plugins/com.st.stm32cube.ide.mcu.externaltools.gnu-tools-for-stm32.11.3.rel1.win32_1.1.100.202309141235/tools/bin/../lib/gcc/arm-none-eabi/11.3.1/../../../../arm-none-eabi/lib/thumb/v7-m/nofp\libc_nano.a(libc_a-findfp.o) (_fwalk_sglue)
D:/STM32_IDE/STM32CubeIDE_1.14.0/STM32CubeIDE/plugins/com.st.stm32cube.ide.mcu.externaltools.gnu-tools-for-stm32.11.3.rel1.win32_1.1.100.202309141235/tools/bin/../lib/gcc/arm-none-eabi/11.3.1/../../../../arm-none-eabi/lib/thumb/v7-m/nofp\libc_nano.a(libc_a-sprintf.o)
                              ./Core/Src/main.o (sprintf)
D:/STM32_IDE/STM32CubeIDE_1.14.0/STM32CubeIDE/plugins/com.st.stm32cube.ide.mcu.externaltools.gnu-tools-for-stm32.11.3.rel1.win32_1.1.100.202309141235/tools/bin/../lib/gcc/arm-none-eabi/11.3.1/../../../../arm-none-eabi/lib/thumb/v7-m/nofp\libc_nano.a(libc_a-stdio.o)
                              D:/STM32_IDE/STM32CubeIDE_1.14.0/STM32CubeIDE/plugins/com.st.stm32cube.ide.mcu.externaltools.gnu-tools-for-stm32.11.3.rel1.win32_1.1.100.202309141235/tools/bin/../lib/gcc/arm-none-eabi/11.3.1/../../../../arm-none-eabi/lib/thumb/v7-m/nofp\libc_nano.a(libc_a-findfp.o) (__sread)
D:/STM32_IDE/STM32CubeIDE_1.14.0/STM32CubeIDE/plugins/com.st.stm32cube.ide.mcu.externaltools.gnu-tools-for-stm32.11.3.rel1.win32_1.1.100.202309141235/tools/bin/../lib/gcc/arm-none-eabi/11.3.1/../../../../arm-none-eabi/lib/thumb/v7-m/nofp\libc_nano.a(libc_a-memset.o)
                              D:/STM32_IDE/STM32CubeIDE_1.14.0/STM32CubeIDE/plugins/com.st.stm32cube.ide.mcu.externaltools.gnu-tools-for-stm32.11.3.rel1.win32_1.1.100.202309141235/tools/bin/../lib/gcc/arm-none-eabi/11.3.1/../../../../arm-none-eabi/lib/thumb/v7-m/nofp/crt0.o (memset)
D:/STM32_IDE/STM32CubeIDE_1.14.0/STM32CubeIDE/plugins/com.st.stm32cube.ide.mcu.externaltools.gnu-tools-for-stm32.11.3.rel1.win32_1.1.100.202309141235/tools/bin/../lib/gcc/arm-none-eabi/11.3.1/../../../../arm-none-eabi/lib/thumb/v7-m/nofp\libc_nano.a(libc_a-closer.o)
                              D:/STM32_IDE/STM32CubeIDE_1.14.0/STM32CubeIDE/plugins/com.st.stm32cube.ide.mcu.externaltools.gnu-tools-for-stm32.11.3.rel1.win32_1.1.100.202309141235/tools/bin/../lib/gcc/arm-none-eabi/11.3.1/../../../../arm-none-eabi/lib/thumb/v7-m/nofp\libc_nano.a(libc_a-stdio.o) (_close_r)
D:/STM32_IDE/STM32CubeIDE_1.14.0/STM32CubeIDE/plugins/com.st.stm32cube.ide.mcu.externaltools.gnu-tools-for-stm32.11.3.rel1.win32_1.1.100.202309141235/tools/bin/../lib/gcc/arm-none-eabi/11.3.1/../../../../arm-none-eabi/lib/thumb/v7-m/nofp\libc_nano.a(libc_a-reent.o)
                              D:/STM32_IDE/STM32CubeIDE_1.14.0/STM32CubeIDE/plugins/com.st.stm32cube.ide.mcu.externaltools.gnu-tools-for-stm32.11.3.rel1.win32_1.1.100.202309141235/tools/bin/../lib/gcc/arm-none-eabi/11.3.1/../../../../arm-none-eabi/lib/thumb/v7-m/nofp\libc_nano.a(libc_a-closer.o) (errno)
D:/STM32_IDE/STM32CubeIDE_1.14.0/STM32CubeIDE/plugins/com.st.stm32cube.ide.mcu.externaltools.gnu-tools-for-stm32.11.3.rel1.win32_1.1.100.202309141235/tools/bin/../lib/gcc/arm-none-eabi/11.3.1/../../../../arm-none-eabi/lib/thumb/v7-m/nofp\libc_nano.a(libc_a-impure.o)
                              D:/STM32_IDE/STM32CubeIDE_1.14.0/STM32CubeIDE/plugins/com.st.stm32cube.ide.mcu.externaltools.gnu-tools-for-stm32.11.3.rel1.win32_1.1.100.202309141235/tools/bin/../lib/gcc/arm-none-eabi/11.3.1/../../../../arm-none-eabi/lib/thumb/v7-m/nofp\libc_nano.a(libc_a-sprintf.o) (_impure_ptr)
[...]
Memory Configuration

Name             Origin             Length             Attributes
RAM              0x0000000020000000 0x0000000000005000 xrw
FLASH            0x0000000008000000 0x0000000000010000 xr
*default*        0x0000000000000000 0xffffffffffffffff

Linker script and memory map

LOAD D:/STM32_IDE/STM32CubeIDE_1.14.0/STM32CubeIDE/plugins/com.st.stm32cube.ide.mcu.externaltools.gnu-tools-for-stm32.11.3.rel1.win32_1.1.100.202309141235/tools/bin/../lib/gcc/arm-none-eabi/11.3.1/thumb/v7-m/nofp/crti.o
LOAD D:/STM32_IDE/STM32CubeIDE_1.14.0/STM32CubeIDE/plugins/com.st.stm32cube.ide.mcu.externaltools.gnu-tools-for-stm32.11.3.rel1.win32_1.1.100.202309141235/tools/bin/../lib/gcc/arm-none-eabi/11.3.1/thumb/v7-m/nofp/crtbegin.o
LOAD D:/STM32_IDE/STM32CubeIDE_1.14.0/STM32CubeIDE/plugins/com.st.stm32cube.ide.mcu.externaltools.gnu-tools-for-stm32.11.3.rel1.win32_1.1.100.202309141235/tools/bin/../lib/gcc/arm-none-eabi/11.3.1/../../../../arm-none-eabi/lib/thumb/v7-m/nofp/crt0.o
LOAD ./Core/Src/main.o
LOAD ./Core/Src/stm32f1xx_hal_msp.o
LOAD ./Core/Src/stm32f1xx_it.o
LOAD ./Core/Src/syscalls.o
LOAD ./Core/Src/sysmem.o
LOAD ./Core/Src/system_stm32f1xx.o
LOAD ./Core/Startup/startup_stm32f103c8tx.o
LOAD ./Drivers/STM32F1xx_HAL_Driver/Src/stm32f1xx_hal.o
LOAD ./Drivers/STM32F1xx_HAL_Driver/Src/stm32f1xx_hal_adc.o
LOAD ./Drivers/STM32F1xx_HAL_Driver/Src/stm32f1xx_hal_adc_ex.o
LOAD ./Drivers/STM32F1xx_HAL_Driver/Src/stm32f1xx_hal_cortex.o
LOAD ./Drivers/STM32F1xx_HAL_Driver/Src/stm32f1xx_hal_dma.o
LOAD ./Drivers/STM32F1xx_HAL_Driver/Src/stm32f1xx_hal_exti.o
LOAD ./Drivers/STM32F1xx_HAL_Driver/Src/stm32f1xx_hal_flash.o
LOAD ./Drivers/STM32F1xx_HAL_Driver/Src/stm32f1xx_hal_flash_ex.o
LOAD ./Drivers/STM32F1xx_HAL_Driver/Src/stm32f1xx_hal_gpio.o
LOAD ./Drivers/STM32F1xx_HAL_Driver/Src/stm32f1xx_hal_gpio_ex.o
LOAD ./Drivers/STM32F1xx_HAL_Driver/Src/stm32f1xx_hal_i2c.o
LOAD ./Drivers/STM32F1xx_HAL_Driver/Src/stm32f1xx_hal_pwr.o
LOAD ./Drivers/STM32F1xx_HAL_Driver/Src/stm32f1xx_hal_rcc.o
LOAD ./Drivers/STM32F1xx_HAL_Driver/Src/stm32f1xx_hal_rcc_ex.o
LOAD ./Drivers/STM32F1xx_HAL_Driver/Src/stm32f1xx_hal_tim.o
LOAD ./Drivers/STM32F1xx_HAL_Driver/Src/stm32f1xx_hal_tim_ex.o
LOAD ./lib/button_detect.o
LOAD ./lib/fonts.o
LOAD ./lib/ssd1306.o
START GROUP
LOAD D:/STM32_IDE/STM32CubeIDE_1.14.0/STM32CubeIDE/plugins/com.st.stm32cube.ide.mcu.externaltools.gnu-tools-for-stm32.11.3.rel1.win32_1.1.100.202309141235/tools/bin/../lib/gcc/arm-none-eabi/11.3.1/../../../../arm-none-eabi/lib/thumb/v7-m/nofp\libc_nano.a
LOAD D:/STM32_IDE/STM32CubeIDE_1.14.0/STM32CubeIDE/plugins/com.st.stm32cube.ide.mcu.externaltools.gnu-tools-for-stm32.11.3.rel1.win32_1.1.100.202309141235/tools/bin/../lib/gcc/arm-none-eabi/11.3.1/../../../../arm-none-eabi/lib/thumb/v7-m/nofp\libm.a
END GROUP
START GROUP
LOAD D:/STM32_IDE/STM32CubeIDE_1.14.0/STM32CubeIDE/plugins/com.st.stm32cube.ide.mcu.externaltools.gnu-tools-for-stm32.11.3.rel1.win32_1.1.100.202309141235/tools/bin/../lib/gcc/arm-none-eabi/11.3.1/thumb/v7-m/nofp\libgcc.a
LOAD D:/STM32_IDE/STM32CubeIDE_1.14.0/STM32CubeIDE/plugins/com.st.stm32cube.ide.mcu.externaltools.gnu-tools-for-stm32.11.3.rel1.win32_1.1.100.202309141235/tools/bin/../lib/gcc/arm-none-eabi/11.3.1/../../../../arm-none-eabi/lib/thumb/v7-m/nofp\libc_nano.a
END GROUP
START GROUP
LOAD D:/STM32_IDE/STM32CubeIDE_1.14.0/STM32CubeIDE/plugins/com.st.stm32cube.ide.mcu.externaltools.gnu-tools-for-stm32.11.3.rel1.win32_1.1.100.202309141235/tools/bin/../lib/gcc/arm-none-eabi/11.3.1/thumb/v7-m/nofp\libgcc.a
LOAD D:/STM32_IDE/STM32CubeIDE_1.14.0/STM32CubeIDE/plugins/com.st.stm32cube.ide.mcu.externaltools.gnu-tools-for-stm32.11.3.rel1.win32_1.1.100.202309141235/tools/bin/../lib/gcc/arm-none-eabi/11.3.1/../../../../arm-none-eabi/lib/thumb/v7-m/nofp\libc_nano.a
LOAD D:/STM32_IDE/STM32CubeIDE_1.14.0/STM32CubeIDE/plugins/com.st.stm32cube.ide.mcu.externaltools.gnu-tools-for-stm32.11.3.rel1.win32_1.1.100.202309141235/tools/bin/../lib/gcc/arm-none-eabi/11.3.1/../../../../arm-none-eabi/lib/thumb/v7-m/nofp\libnosys.a
END GROUP
START GROUP
LOAD D:/STM32_IDE/STM32CubeIDE_1.14.0/STM32CubeIDE/plugins/com.st.stm32cube.ide.mcu.externaltools.gnu-tools-for-stm32.11.3.rel1.win32_1.1.100.202309141235/tools/bin/../lib/gcc/arm-none-eabi/11.3.1/thumb/v7-m/nofp\libgcc.a
LOAD D:/STM32_IDE/STM32CubeIDE_1.14.0/STM32CubeIDE/plugins/com.st.stm32cube.ide.mcu.externaltools.gnu-tools-for-stm32.11.3.rel1.win32_1.1.100.202309141235/tools/bin/../lib/gcc/arm-none-eabi/11.3.1/../../../../arm-none-eabi/lib/thumb/v7-m/nofp\libc_nano.a
LOAD D:/STM32_IDE/STM32CubeIDE_1.14.0/STM32CubeIDE/plugins/com.st.stm32cube.ide.mcu.externaltools.gnu-tools-for-stm32.11.3.rel1.win32_1.1.100.202309141235/tools/bin/../lib/gcc/arm-none-eabi/11.3.1/../../../../arm-none-eabi/lib/thumb/v7-m/nofp\libnosys.a
END GROUP
LOAD D:/STM32_IDE/STM32CubeIDE_1.14.0/STM32CubeIDE/plugins/com.st.stm32cube.ide.mcu.externaltools.gnu-tools-for-stm32.11.3.rel1.win32_1.1.100.202309141235/tools/bin/../lib/gcc/arm-none-eabi/11.3.1/thumb/v7-m/nofp/crtend.o
LOAD D:/STM32_IDE/STM32CubeIDE_1.14.0/STM32CubeIDE/plugins/com.st.stm32cube.ide.mcu.externaltools.gnu-tools-for-stm32.11.3.rel1.win32_1.1.100.202309141235/tools/bin/../lib/gcc/arm-none-eabi/11.3.1/thumb/v7-m/nofp/crtn.o
                0x0000000020005000                _estack = (ORIGIN (RAM) + LENGTH (RAM))
                0x0000000000000200                _Min_Heap_Size = 0x200
                0x0000000000000400                _Min_Stack_Size = 0x400

.isr_vector     0x0000000008000000      0x10c
                0x0000000008000000                . = ALIGN (0x4)
 *(.isr_vector)
 .isr_vector    0x0000000008000000      0x10c ./Core/Startup/startup_stm32f103c8tx.o
                0x0000000008000000                g_pfnVectors
                0x000000000800010c                . = ALIGN (0x4)

.text           0x0000000008000110     0x564c
                0x0000000008000110                . = ALIGN (0x4)
 *(.text)
 .text          0x0000000008000110       0x40 D:/STM32_IDE/STM32CubeIDE_1.14.0/STM32CubeIDE/plugins/com.st.stm32cube.ide.mcu.externaltools.gnu-tools-for-stm32.11.3.rel1.win32_1.1.100.202309141235/tools/bin/../lib/gcc/arm-none-eabi/11.3.1/thumb/v7-m/nofp/crtbegin.o
 .text          0x0000000008000150      0x168 D:/STM32_IDE/STM32CubeIDE_1.14.0/STM32CubeIDE/plugins/com.st.stm32cube.ide.mcu.externaltools.gnu-tools-for-stm32.11.3.rel1.win32_1.1.100.202309141235/tools/bin/../lib/gcc/arm-none-eabi/11.3.1/thumb/v7-m/nofp\libgcc.a(_arm_mulsf3.o)
                0x0000000008000150                __aeabi_fmul
                0x0000000008000150                __mulsf3
 .text          0x00000000080002b8      0x378 D:/STM32_IDE/STM32CubeIDE_1.14.0/STM32CubeIDE/plugins/com.st.stm32cube.ide.mcu.externaltools.gnu-tools-for-stm32.11.3.rel1.win32_1.1.100.202309141235/tools/bin/../lib/gcc/arm-none-eabi/11.3.1/thumb/v7-m/nofp\libgcc.a(_arm_addsubdf3.o)
                0x00000000080002b8                __aeabi_drsub
                0x00000000080002c0                __aeabi_dsub
                0x00000000080002c0                __subdf3
                0x00000000080002c4                __aeabi_dadd
                0x00000000080002c4                __adddf3
                0x000000000800053c                __floatunsidf
                0x000000000800053c                __aeabi_ui2d
                0x000000000800055c                __floatsidf
                0x000000000800055c                __aeabi_i2d
                0x0000000008000580                __aeabi_f2d
                0x0000000008000580                __extendsfdf2
                0x00000000080005c4                __floatundidf
                0x00000000080005c4                __aeabi_ul2d
                0x00000000080005d4                __floatdidf
                0x00000000080005d4                __aeabi_l2d
 .text          0x0000000008000630      0x424 D:/STM32_IDE/STM32CubeIDE_1.14.0/STM32CubeIDE/plugins/com.st.stm32cube.ide.mcu.externaltools.gnu-tools-for-stm32.11.3.rel1.win32_1.1.100.202309141235/tools/bin/../lib/gcc/arm-none-eabi/11.3.1/thumb/v7-m/nofp\libgcc.a(_arm_muldivdf3.o)
                0x0000000008000630                __aeabi_dmul
                0x0000000008000630                __muldf3
                0x0000000008000884                __divdf3
                0x0000000008000884                __aeabi_ddiv
 .text          0x0000000008000a54       0x40 D:/STM32_IDE/STM32CubeIDE_1.14.0/STM32CubeIDE/plugins/com.st.stm32cube.ide.mcu.externaltools.gnu-tools-for-stm32.11.3.rel1.win32_1.1.100.202309141235/tools/bin/../lib/gcc/arm-none-eabi/11.3.1/thumb/v7-m/nofp\libgcc.a(_arm_fixunsdfsi.o)
                0x0000000008000a54                __aeabi_d2uiz
                0x0000000008000a54                __fixunsdfsi
 .text          0x0000000008000a94       0xa0 D:/STM32_IDE/STM32CubeIDE_1.14.0/STM32CubeIDE/plugins/com.st.stm32cube.ide.mcu.externaltools.gnu-tools-for-stm32.11.3.rel1.win32_1.1.100.202309141235/tools/bin/../lib/gcc/arm-none-eabi/11.3.1/thumb/v7-m/nofp\libgcc.a(_arm_truncdfsf2.o)
                0x0000000008000a94                __truncdfsf2
                0x0000000008000a94                __aeabi_d2f
 .text          0x0000000008000b34      0x21c D:/STM32_IDE/STM32CubeIDE_1.14.0/STM32CubeIDE/plugins/com.st.stm32cube.ide.mcu.externaltools.gnu-tools-for-stm32.11.3.rel1.win32_1.1.100.202309141235/tools/bin/../lib/gcc/arm-none-eabi/11.3.1/thumb/v7-m/nofp\libgcc.a(_arm_addsubsf3.o)
                0x0000000008000b34                __aeabi_frsub
                0x0000000008000b3c                __subsf3
                0x0000000008000b3c                __aeabi_fsub
                0x0000000008000b40                __aeabi_fadd
                0x0000000008000b40                __addsf3
                0x0000000008000ca0                __aeabi_ui2f
                0x0000000008000ca0                __floatunsisf
                0x0000000008000ca8                __aeabi_i2f
                0x0000000008000ca8                __floatsisf
                0x0000000008000cc4                __aeabi_ul2f
                0x0000000008000cc4                __floatundisf
                0x0000000008000cd4                __aeabi_l2f
                0x0000000008000cd4                __floatdisf
 *(.text*)
 .text.menu_pointer
                0x0000000008000d50       0x94 ./Core/Src/main.o
                0x0000000008000d50                menu_pointer
 .text.DISPLAY_Init
                0x0000000008000de4       0x30 ./Core/Src/main.o
                0x0000000008000de4                DISPLAY_Init
 .text.DISPLAY_Start
                0x0000000008000e14       0x68 ./Core/Src/main.o
                0x0000000008000e14                DISPLAY_Start
 .text.DISPLAY_SELECT_Range
                0x0000000008000e7c       0x68 ./Core/Src/main.o
                0x0000000008000e7c                DISPLAY_SELECT_Range
 .text.STATE_BUTTON_Handle
                0x0000000008000ee4       0x40 ./Core/Src/main.o
                0x0000000008000ee4                STATE_BUTTON_Handle
 .text.TASK_Handle
                0x0000000008000f24      0xae4 ./Core/Src/main.o
                0x0000000008000f24                TASK_Handle
 .text.main     0x0000000008001a08      0x29c ./Core/Src/main.o
                0x0000000008001a08                main
 .text.SystemClock_Config
                0x0000000008001ca4       0xa0 ./Core/Src/main.o
                0x0000000008001ca4                SystemClock_Config
 .text.MX_ADC1_Init
                0x0000000008001d44       0x7c ./Core/Src/main.o
 .text.MX_I2C1_Init
                0x0000000008001dc0       0x5c ./Core/Src/main.o
 .text.MX_GPIO_Init
                0x0000000008001e1c       0xdc ./Core/Src/main.o
 .text.Error_Handler
                0x0000000008001ef8        0xa ./Core/Src/main.o
                0x0000000008001ef8                Error_Handler
 *fill*         0x0000000008001f02        0x2 
 .text.HAL_MspInit
                0x0000000008001f04       0x64 ./Core/Src/stm32f1xx_hal_msp.o
                0x0000000008001f04                HAL_MspInit
 .text.HAL_ADC_MspInit
                0x0000000008001f68       0x78 ./Core/Src/stm32f1xx_hal_msp.o
                0x0000000008001f68                HAL_ADC_MspInit
 .text.HAL_I2C_MspInit
                0x0000000008001fe0       0x7c ./Core/Src/stm32f1xx_hal_msp.o
                0x0000000008001fe0                HAL_I2C_MspInit
 .text.NMI_Handler
                0x000000000800205c        0x6 ./Core/Src/stm32f1xx_it.o
                0x000000000800205c                NMI_Handler
 .text.HardFault_Handler
                0x0000000008002062        0x6 ./Core/Src/stm32f1xx_it.o
                0x0000000008002062                HardFault_Handler
 .text.MemManage_Handler
                0x0000000008002068        0x6 ./Core/Src/stm32f1xx_it.o
                0x0000000008002068                MemManage_Handler
 .text.BusFault_Handler
                0x000000000800206e        0x6 ./Core/Src/stm32f1xx_it.o
                0x000000000800206e                BusFault_Handler
 .text.UsageFault_Handler
                0x0000000008002074        0x6 ./Core/Src/stm32f1xx_it.o
                0x0000000008002074                UsageFault_Handler
 .text.SVC_Handler
                0x000000000800207a        0xc ./Core/Src/stm32f1xx_it.o
                0x000000000800207a                SVC_Handler
 .text.DebugMon_Handler
                0x0000000008002086        0xc ./Core/Src/stm32f1xx_it.o
                0x0000000008002086                DebugMon_Handler
 .text.PendSV_Handler
                0x0000000008002092        0xc ./Core/Src/stm32f1xx_it.o
                0x0000000008002092                PendSV_Handler
 .text.SysTick_Handler
                0x000000000800209e        0xc ./Core/Src/stm32f1xx_it.o
                0x000000000800209e                SysTick_Handler
 *fill*         0x00000000080020aa        0x2 
 .text._sbrk    0x00000000080020ac       0x6c ./Core/Src/sysmem.o
                0x00000000080020ac                _sbrk
 .text.SystemInit
                0x0000000008002118        0xc ./Core/Src/system_stm32f1xx.o
                0x0000000008002118                SystemInit
 .text.Reset_Handler
                0x0000000008002124       0x48 ./Core/Startup/startup_stm32f103c8tx.o
                0x0000000008002124                Reset_Handler
 .text.Default_Handler
                0x000000000800216c        0x2 ./Core/Startup/startup_stm32f103c8tx.o
                0x000000000800216c                RTC_Alarm_IRQHandler
                0x000000000800216c                EXTI2_IRQHandler
                0x000000000800216c                TIM1_CC_IRQHandler
                0x000000000800216c                PVD_IRQHandler
                0x000000000800216c                EXTI3_IRQHandler
                0x000000000800216c                EXTI0_IRQHandler
                0x000000000800216c                I2C2_EV_IRQHandler
                0x000000000800216c                ADC1_2_IRQHandler
                0x000000000800216c                SPI1_IRQHandler
                0x000000000800216c                TAMPER_IRQHandler
                0x000000000800216c                DMA1_Channel4_IRQHandler
                0x000000000800216c                USART3_IRQHandler
                0x000000000800216c                RTC_IRQHandler
                0x000000000800216c                DMA1_Channel7_IRQHandler
                0x000000000800216c                CAN1_RX1_IRQHandler
                0x000000000800216c                TIM4_IRQHandler
                0x000000000800216c                I2C1_EV_IRQHandler
                0x000000000800216c                DMA1_Channel6_IRQHandler
                0x000000000800216c                TIM3_IRQHandler
                0x000000000800216c                RCC_IRQHandler
                0x000000000800216c                TIM1_TRG_COM_IRQHandler
                0x000000000800216c                DMA1_Channel1_IRQHandler
                0x000000000800216c                Default_Handler
                0x000000000800216c                EXTI15_10_IRQHandler
                0x000000000800216c                EXTI9_5_IRQHandler
                0x000000000800216c                SPI2_IRQHandler
                0x000000000800216c                DMA1_Channel5_IRQHandler
                0x000000000800216c                EXTI4_IRQHandler
                0x000000000800216c                USB_LP_CAN1_RX0_IRQHandler
                0x000000000800216c                USB_HP_CAN1_TX_IRQHandler
                0x000000000800216c                DMA1_Channel3_IRQHandler
                0x000000000800216c                TIM1_UP_IRQHandler
                0x000000000800216c                WWDG_IRQHandler
                0x000000000800216c                TIM2_IRQHandler
                0x000000000800216c                TIM1_BRK_IRQHandler
                0x000000000800216c                EXTI1_IRQHandler
                0x000000000800216c                USART2_IRQHandler
                0x000000000800216c                I2C2_ER_IRQHandler
                0x000000000800216c                DMA1_Channel2_IRQHandler
                0x000000000800216c                CAN1_SCE_IRQHandler
                0x000000000800216c                FLASH_IRQHandler
                0x000000000800216c                USART1_IRQHandler
                0x000000000800216c                I2C1_ER_IRQHandler
                0x000000000800216c                USBWakeUp_IRQHandler
 *fill*         0x000000000800216e        0x2 
 .text.HAL_Init
                0x0000000008002170       0x2c ./Drivers/STM32F1xx_HAL_Driver/Src/stm32f1xx_hal.o
                0x0000000008002170                HAL_Init
 .text.HAL_InitTick
                0x000000000800219c       0x60 ./Drivers/STM32F1xx_HAL_Driver/Src/stm32f1xx_hal.o
                0x000000000800219c                HAL_InitTick
 .text.HAL_IncTick
                0x00000000080021fc       0x24 ./Drivers/STM32F1xx_HAL_Driver/Src/stm32f1xx_hal.o
                0x00000000080021fc                HAL_IncTick
 .text.HAL_GetTick
                0x0000000008002220       0x14 ./Drivers/STM32F1xx_HAL_Driver/Src/stm32f1xx_hal.o
                0x0000000008002220                HAL_GetTick
 .text.HAL_Delay
                0x0000000008002234       0x48 ./Drivers/STM32F1xx_HAL_Driver/Src/stm32f1xx_hal.o
                0x0000000008002234                HAL_Delay
 .text.HAL_ADC_Init
                0x000000000800227c      0x1b0 ./Drivers/STM32F1xx_HAL_Driver/Src/stm32f1xx_hal_adc.o
                0x000000000800227c                HAL_ADC_Init
 .text.HAL_ADC_Start
                0x000000000800242c      0x15c ./Drivers/STM32F1xx_HAL_Driver/Src/stm32f1xx_hal_adc.o
                0x000000000800242c                HAL_ADC_Start
 .text.HAL_ADC_Stop
                0x0000000008002588       0x58 ./Drivers/STM32F1xx_HAL_Driver/Src/stm32f1xx_hal_adc.o
                0x0000000008002588                HAL_ADC_Stop
 .text.HAL_ADC_PollForConversion
                0x00000000080025e0      0x20c ./Drivers/STM32F1xx_HAL_Driver/Src/stm32f1xx_hal_adc.o
                0x00000000080025e0                HAL_ADC_PollForConversion
 .text.HAL_ADC_GetValue
                0x00000000080027ec       0x18 ./Drivers/STM32F1xx_HAL_Driver/Src/stm32f1xx_hal_adc.o
                0x00000000080027ec                HAL_ADC_GetValue
 .text.HAL_ADC_ConfigChannel
                0x0000000008002804      0x1f0 ./Drivers/STM32F1xx_HAL_Driver/Src/stm32f1xx_hal_adc.o
                0x0000000008002804                HAL_ADC_ConfigChannel
 .text.ADC_Enable
                0x00000000080029f4       0xb4 ./Drivers/STM32F1xx_HAL_Driver/Src/stm32f1xx_hal_adc.o
                0x00000000080029f4                ADC_Enable
 .text.ADC_ConversionStop_Disable
                0x0000000008002aa8       0x82 ./Drivers/STM32F1xx_HAL_Driver/Src/stm32f1xx_hal_adc.o
                0x0000000008002aa8                ADC_ConversionStop_Disable
 *fill*         0x0000000008002b2a        0x2 
 .text.__NVIC_SetPriorityGrouping
                0x0000000008002b2c       0x48 ./Drivers/STM32F1xx_HAL_Driver/Src/stm32f1xx_hal_cortex.o
 .text.__NVIC_GetPriorityGrouping
                0x0000000008002b74       0x1c ./Drivers/STM32F1xx_HAL_Driver/Src/stm32f1xx_hal_cortex.o
 .text.__NVIC_SetPriority
                0x0000000008002b90       0x54 ./Drivers/STM32F1xx_HAL_Driver/Src/stm32f1xx_hal_cortex.o
 .text.NVIC_EncodePriority
                0x0000000008002be4       0x64 ./Drivers/STM32F1xx_HAL_Driver/Src/stm32f1xx_hal_cortex.o
 .text.SysTick_Config
                0x0000000008002c48       0x44 ./Drivers/STM32F1xx_HAL_Driver/Src/stm32f1xx_hal_cortex.o
 .text.HAL_NVIC_SetPriorityGrouping
                0x0000000008002c8c       0x16 ./Drivers/STM32F1xx_HAL_Driver/Src/stm32f1xx_hal_cortex.o
                0x0000000008002c8c                HAL_NVIC_SetPriorityGrouping
 .text.HAL_NVIC_SetPriority
                0x0000000008002ca2       0x38 ./Drivers/STM32F1xx_HAL_Driver/Src/stm32f1xx_hal_cortex.o
                0x0000000008002ca2                HAL_NVIC_SetPriority
 .text.HAL_SYSTICK_Config
                0x0000000008002cda       0x18 ./Drivers/STM32F1xx_HAL_Driver/Src/stm32f1xx_hal_cortex.o
                0x0000000008002cda                HAL_SYSTICK_Config
 *fill*         0x0000000008002cf2        0x2 
 .text.HAL_GPIO_Init
                0x0000000008002cf4      0x308 ./Drivers/STM32F1xx_HAL_Driver/Src/stm32f1xx_hal_gpio.o
                0x0000000008002cf4                HAL_GPIO_Init
 .text.HAL_GPIO_WritePin
                0x0000000008002ffc       0x30 ./Drivers/STM32F1xx_HAL_Driver/Src/stm32f1xx_hal_gpio.o
                0x0000000008002ffc                HAL_GPIO_WritePin
 .text.HAL_I2C_Init
                0x000000000800302c      0x288 ./Drivers/STM32F1xx_HAL_Driver/Src/stm32f1xx_hal_i2c.o
                0x000000000800302c                HAL_I2C_Init
 .text.HAL_I2C_Master_Transmit
                0x00000000080032b4      0x1fc ./Drivers/STM32F1xx_HAL_Driver/Src/stm32f1xx_hal_i2c.o
                0x00000000080032b4                HAL_I2C_Master_Transmit
 .text.HAL_I2C_IsDeviceReady
                0x00000000080034b0      0x25c ./Drivers/STM32F1xx_HAL_Driver/Src/stm32f1xx_hal_i2c.o
                0x00000000080034b0                HAL_I2C_IsDeviceReady
 .text.I2C_MasterRequestWrite
                0x000000000800370c      0x104 ./Drivers/STM32F1xx_HAL_Driver/Src/stm32f1xx_hal_i2c.o
 .text.I2C_WaitOnFlagUntilTimeout
                0x0000000008003810       0xf4 ./Drivers/STM32F1xx_HAL_Driver/Src/stm32f1xx_hal_i2c.o
 .text.I2C_WaitOnMasterAddressFlagUntilTimeout
                0x0000000008003904      0x140 ./Drivers/STM32F1xx_HAL_Driver/Src/stm32f1xx_hal_i2c.o
 .text.I2C_WaitOnTXEFlagUntilTimeout
                0x0000000008003a44       0x90 ./Drivers/STM32F1xx_HAL_Driver/Src/stm32f1xx_hal_i2c.o
 .text.I2C_WaitOnBTFFlagUntilTimeout
                0x0000000008003ad4       0x90 ./Drivers/STM32F1xx_HAL_Driver/Src/stm32f1xx_hal_i2c.o
 .text.I2C_IsAcknowledgeFailed
                0x0000000008003b64       0x5c ./Drivers/STM32F1xx_HAL_Driver/Src/stm32f1xx_hal_i2c.o
 .text.HAL_RCC_OscConfig
                0x0000000008003bc0      0x504 ./Drivers/STM32F1xx_HAL_Driver/Src/stm32f1xx_hal_rcc.o
                0x0000000008003bc0                HAL_RCC_OscConfig
 .text.HAL_RCC_ClockConfig
                0x00000000080040c4      0x1d4 ./Drivers/STM32F1xx_HAL_Driver/Src/stm32f1xx_hal_rcc.o
                0x00000000080040c4                HAL_RCC_ClockConfig
 .text.HAL_RCC_GetSysClockFreq
                0x0000000008004298       0xa8 ./Drivers/STM32F1xx_HAL_Driver/Src/stm32f1xx_hal_rcc.o
                0x0000000008004298                HAL_RCC_GetSysClockFreq
 .text.HAL_RCC_GetHCLKFreq
                0x0000000008004340       0x14 ./Drivers/STM32F1xx_HAL_Driver/Src/stm32f1xx_hal_rcc.o
                0x0000000008004340                HAL_RCC_GetHCLKFreq
 .text.HAL_RCC_GetPCLK1Freq
                0x0000000008004354       0x28 ./Drivers/STM32F1xx_HAL_Driver/Src/stm32f1xx_hal_rcc.o
                0x0000000008004354                HAL_RCC_GetPCLK1Freq
 .text.HAL_RCC_GetPCLK2Freq
                0x000000000800437c       0x28 ./Drivers/STM32F1xx_HAL_Driver/Src/stm32f1xx_hal_rcc.o
                0x000000000800437c                HAL_RCC_GetPCLK2Freq
 .text.RCC_Delay
                0x00000000080043a4       0x3c ./Drivers/STM32F1xx_HAL_Driver/Src/stm32f1xx_hal_rcc.o
 .text.HAL_RCCEx_PeriphCLKConfig
                0x00000000080043e0      0x16c ./Drivers/STM32F1xx_HAL_Driver/Src/stm32f1xx_hal_rcc_ex.o
                0x00000000080043e0                HAL_RCCEx_PeriphCLKConfig
 .text.HAL_RCCEx_GetPeriphCLKFreq
                0x000000000800454c      0x16c ./Drivers/STM32F1xx_HAL_Driver/Src/stm32f1xx_hal_rcc_ex.o
                0x000000000800454c                HAL_RCCEx_GetPeriphCLKFreq
 .text.BUTTON_Handle
                0x00000000080046b8      0x16c ./lib/button_detect.o
 .text.button_detect
                0x0000000008004824       0x34 ./lib/button_detect.o
                0x0000000008004824                button_detect
 .text.SSD1306_Init
                0x0000000008004858      0x188 ./lib/ssd1306.o
                0x0000000008004858                SSD1306_Init
 .text.SSD1306_UpdateScreen
                0x00000000080049e0       0x5c ./lib/ssd1306.o
                0x00000000080049e0                SSD1306_UpdateScreen
 .text.SSD1306_Fill
                0x0000000008004a3c       0x30 ./lib/ssd1306.o
                0x0000000008004a3c                SSD1306_Fill
 .text.SSD1306_DrawPixel
                0x0000000008004a6c       0xbc ./lib/ssd1306.o
                0x0000000008004a6c                SSD1306_DrawPixel
 .text.SSD1306_GotoXY
                0x0000000008004b28       0x2c ./lib/ssd1306.o
                0x0000000008004b28                SSD1306_GotoXY
 .text.SSD1306_Putc
                0x0000000008004b54      0x100 ./lib/ssd1306.o
                0x0000000008004b54                SSD1306_Putc
 .text.SSD1306_Puts
                0x0000000008004c54       0x4a ./lib/ssd1306.o
                0x0000000008004c54                SSD1306_Puts
 .text.SSD1306_Clear
                0x0000000008004c9e       0x12 ./lib/ssd1306.o
                0x0000000008004c9e                SSD1306_Clear
 .text.ssd1306_I2C_Init
                0x0000000008004cb0       0x28 ./lib/ssd1306.o
                0x0000000008004cb0                ssd1306_I2C_Init
 .text.ssd1306_I2C_WriteMulti
                0x0000000008004cd8       0xcc ./lib/ssd1306.o
                0x0000000008004cd8                ssd1306_I2C_WriteMulti
 .text.ssd1306_I2C_Write
                0x0000000008004da4       0x3c ./lib/ssd1306.o
                0x0000000008004da4                ssd1306_I2C_Write
 .text.sprintf  0x0000000008004de0       0x40 D:/STM32_IDE/STM32CubeIDE_1.14.0/STM32CubeIDE/plugins/com.st.stm32cube.ide.mcu.externaltools.gnu-tools-for-stm32.11.3.rel1.win32_1.1.100.202309141235/tools/bin/../lib/gcc/arm-none-eabi/11.3.1/../../../../arm-none-eabi/lib/thumb/v7-m/nofp\libc_nano.a(libc_a-sprintf.o)
                0x0000000008004de0                siprintf
                0x0000000008004de0                sprintf
 .text.memset   0x0000000008004e20       0x10 D:/STM32_IDE/STM32CubeIDE_1.14.0/STM32CubeIDE/plugins/com.st.stm32cube.ide.mcu.externaltools.gnu-tools-for-stm32.11.3.rel1.win32_1.1.100.202309141235/tools/bin/../lib/gcc/arm-none-eabi/11.3.1/../../../../arm-none-eabi/lib/thumb/v7-m/nofp\libc_nano.a(libc_a-memset.o)
                0x0000000008004e20                memset
 .text.__errno  0x0000000008004e30        0xc D:/STM32_IDE/STM32CubeIDE_1.14.0/STM32CubeIDE/plugins/com.st.stm32cube.ide.mcu.externaltools.gnu-tools-for-stm32.11.3.rel1.win32_1.1.100.202309141235/tools/bin/../lib/gcc/arm-none-eabi/11.3.1/../../../../arm-none-eabi/lib/thumb/v7-m/nofp\libc_nano.a(libc_a-errno.o)
                0x0000000008004e30                __errno
 .text.__libc_init_array
                0x0000000008004e3c       0x48 D:/STM32_IDE/STM32CubeIDE_1.14.0/STM32CubeIDE/plugins/com.st.stm32cube.ide.mcu.externaltools.gnu-tools-for-stm32.11.3.rel1.win32_1.1.100.202309141235/tools/bin/../lib/gcc/arm-none-eabi/11.3.1/../../../../arm-none-eabi/lib/thumb/v7-m/nofp\libc_nano.a(libc_a-init.o)
                0x0000000008004e3c                __libc_init_array
 .text.__retarget_lock_acquire_recursive
                0x0000000008004e84        0x2 D:/STM32_IDE/STM32CubeIDE_1.14.0/STM32CubeIDE/plugins/com.st.stm32cube.ide.mcu.externaltools.gnu-tools-for-stm32.11.3.rel1.win32_1.1.100.202309141235/tools/bin/../lib/gcc/arm-none-eabi/11.3.1/../../../../arm-none-eabi/lib/thumb/v7-m/nofp\libc_nano.a(libc_a-lock.o)
                0x0000000008004e84                __retarget_lock_acquire_recursive
 .text.__retarget_lock_release_recursive
                0x0000000008004e86        0x2 D:/STM32_IDE/STM32CubeIDE_1.14.0/STM32CubeIDE/plugins/com.st.stm32cube.ide.mcu.externaltools.gnu-tools-for-stm32.11.3.rel1.win32_1.1.100.202309141235/tools/bin/../lib/gcc/arm-none-eabi/11.3.1/../../../../arm-none-eabi/lib/thumb/v7-m/nofp\libc_nano.a(libc_a-lock.o)
                0x0000000008004e86                __retarget_lock_release_recursive
 .text._free_r  0x0000000008004e88       0x90 D:/STM32_IDE/STM32CubeIDE_1.14.0/STM32CubeIDE/plugins/com.st.stm32cube.ide.mcu.externaltools.gnu-tools-for-stm32.11.3.rel1.win32_1.1.100.202309141235/tools/bin/../lib/gcc/arm-none-eabi/11.3.1/../../../../arm-none-eabi/lib/thumb/v7-m/nofp\libc_nano.a(libc_a-freer.o)
                0x0000000008004e88                _free_r
 .text.sbrk_aligned
                0x0000000008004f18       0x40 D:/STM32_IDE/STM32CubeIDE_1.14.0/STM32CubeIDE/plugins/com.st.stm32cube.ide.mcu.externaltools.gnu-tools-for-stm32.11.3.rel1.win32_1.1.100.202309141235/tools/bin/../lib/gcc/arm-none-eabi/11.3.1/../../../../arm-none-eabi/lib/thumb/v7-m/nofp\libc_nano.a(libc_a-mallocr.o)
 .text._malloc_r
                0x0000000008004f58      0x100 D:/STM32_IDE/STM32CubeIDE_1.14.0/STM32CubeIDE/plugins/com.st.stm32cube.ide.mcu.externaltools.gnu-tools-for-stm32.11.3.rel1.win32_1.1.100.202309141235/tools/bin/../lib/gcc/arm-none-eabi/11.3.1/../../../../arm-none-eabi/lib/thumb/v7-m/nofp\libc_nano.a(libc_a-mallocr.o)
                0x0000000008004f58                _malloc_r
 .text.__malloc_lock
                0x0000000008005058        0xc D:/STM32_IDE/STM32CubeIDE_1.14.0/STM32CubeIDE/plugins/com.st.stm32cube.ide.mcu.externaltools.gnu-tools-for-stm32.11.3.rel1.win32_1.1.100.202309141235/tools/bin/../lib/gcc/arm-none-eabi/11.3.1/../../../../arm-none-eabi/lib/thumb/v7-m/nofp\libc_nano.a(libc_a-mlock.o)
                0x0000000008005058                __malloc_lock
 .text.__malloc_unlock
                0x0000000008005064        0xc D:/STM32_IDE/STM32CubeIDE_1.14.0/STM32CubeIDE/plugins/com.st.stm32cube.ide.mcu.externaltools.gnu-tools-for-stm32.11.3.rel1.win32_1.1.100.202309141235/tools/bin/../lib/gcc/arm-none-eabi/11.3.1/../../../../arm-none-eabi/lib/thumb/v7-m/nofp\libc_nano.a(libc_a-mlock.o)
                0x0000000008005064                __malloc_unlock
 .text.__ssputs_r
                0x0000000008005070       0xb4 D:/STM32_IDE/STM32CubeIDE_1.14.0/STM32CubeIDE/plugins/com.st.stm32cube.ide.mcu.externaltools.gnu-tools-for-stm32.11.3.rel1.win32_1.1.100.202309141235/tools/bin/../lib/gcc/arm-none-eabi/11.3.1/../../../../arm-none-eabi/lib/thumb/v7-m/nofp\libc_nano.a(libc_a-nano-svfprintf.o)
                0x0000000008005070                __ssputs_r
 .text._svfprintf_r
                0x0000000008005124      0x1fc D:/STM32_IDE/STM32CubeIDE_1.14.0/STM32CubeIDE/plugins/com.st.stm32cube.ide.mcu.externaltools.gnu-tools-for-stm32.11.3.rel1.win32_1.1.100.202309141235/tools/bin/../lib/gcc/arm-none-eabi/11.3.1/../../../../arm-none-eabi/lib/thumb/v7-m/nofp\libc_nano.a(libc_a-nano-svfprintf.o)
                0x0000000008005124                _svfiprintf_r
                0x0000000008005124                _svfprintf_r
 .text._printf_common
                0x0000000008005320       0xe4 D:/STM32_IDE/STM32CubeIDE_1.14.0/STM32CubeIDE/plugins/com.st.stm32cube.ide.mcu.externaltools.gnu-tools-for-stm32.11.3.rel1.win32_1.1.100.202309141235/tools/bin/../lib/gcc/arm-none-eabi/11.3.1/../../../../arm-none-eabi/lib/thumb/v7-m/nofp\libc_nano.a(libc_a-nano-vfprintf_i.o)
                0x0000000008005320                _printf_common
 .text._printf_i
                0x0000000008005404      0x244 D:/STM32_IDE/STM32CubeIDE_1.14.0/STM32CubeIDE/plugins/com.st.stm32cube.ide.mcu.externaltools.gnu-tools-for-stm32.11.3.rel1.win32_1.1.100.202309141235/tools/bin/../lib/gcc/arm-none-eabi/11.3.1/../../../../arm-none-eabi/lib/thumb/v7-m/nofp\libc_nano.a(libc_a-nano-vfprintf_i.o)
                0x0000000008005404                _printf_i
 .text.memmove  0x0000000008005648       0x34 D:/STM32_IDE/STM32CubeIDE_1.14.0/STM32CubeIDE/plugins/com.st.stm32cube.ide.mcu.externaltools.gnu-tools-for-stm32.11.3.rel1.win32_1.1.100.202309141235/tools/bin/../lib/gcc/arm-none-eabi/11.3.1/../../../../arm-none-eabi/lib/thumb/v7-m/nofp\libc_nano.a(libc_a-memmove.o)
                0x0000000008005648                memmove
 .text._sbrk_r  0x000000000800567c       0x20 D:/STM32_IDE/STM32CubeIDE_1.14.0/STM32CubeIDE/plugins/com.st.stm32cube.ide.mcu.externaltools.gnu-tools-for-stm32.11.3.rel1.win32_1.1.100.202309141235/tools/bin/../lib/gcc/arm-none-eabi/11.3.1/../../../../arm-none-eabi/lib/thumb/v7-m/nofp\libc_nano.a(libc_a-sbrkr.o)
                0x000000000800567c                _sbrk_r
 .text.memchr   0x000000000800569c       0x1c D:/STM32_IDE/STM32CubeIDE_1.14.0/STM32CubeIDE/plugins/com.st.stm32cube.ide.mcu.externaltools.gnu-tools-for-stm32.11.3.rel1.win32_1.1.100.202309141235/tools/bin/../lib/gcc/arm-none-eabi/11.3.1/../../../../arm-none-eabi/lib/thumb/v7-m/nofp\libc_nano.a(libc_a-memchr-stub.o)
                0x000000000800569c                memchr
 .text.memcpy   0x00000000080056b8       0x1c D:/STM32_IDE/STM32CubeIDE_1.14.0/STM32CubeIDE/plugins/com.st.stm32cube.ide.mcu.externaltools.gnu-tools-for-stm32.11.3.rel1.win32_1.1.100.202309141235/tools/bin/../lib/gcc/arm-none-eabi/11.3.1/../../../../arm-none-eabi/lib/thumb/v7-m/nofp\libc_nano.a(libc_a-memcpy-stub.o)
                0x00000000080056b8                memcpy
 .text._realloc_r
                0x00000000080056d4       0x5e D:/STM32_IDE/STM32CubeIDE_1.14.0/STM32CubeIDE/plugins/com.st.stm32cube.ide.mcu.externaltools.gnu-tools-for-stm32.11.3.rel1.win32_1.1.100.202309141235/tools/bin/../lib/gcc/arm-none-eabi/11.3.1/../../../../arm-none-eabi/lib/thumb/v7-m/nofp\libc_nano.a(libc_a-reallocr.o)
                0x00000000080056d4                _realloc_r
 .text._malloc_usable_size_r
                0x0000000008005732       0x10 D:/STM32_IDE/STM32CubeIDE_1.14.0/STM32CubeIDE/plugins/com.st.stm32cube.ide.mcu.externaltools.gnu-tools-for-stm32.11.3.rel1.win32_1.1.100.202309141235/tools/bin/../lib/gcc/arm-none-eabi/11.3.1/../../../../arm-none-eabi/lib/thumb/v7-m/nofp\libc_nano.a(libc_a-msizer.o)
                0x0000000008005732                _malloc_usable_size_r
 *(.glue_7)
 .glue_7        0x0000000008005742        0x0 linker stubs
 *(.glue_7t)
 .glue_7t       0x0000000008005742        0x0 linker stubs
 *(.eh_frame)
 *fill*         0x0000000008005742        0x2 
 .eh_frame      0x0000000008005744        0x0 D:/STM32_IDE/STM32CubeIDE_1.14.0/STM32CubeIDE/plugins/com.st.stm32cube.ide.mcu.externaltools.gnu-tools-for-stm32.11.3.rel1.win32_1.1.100.202309141235/tools/bin/../lib/gcc/arm-none-eabi/11.3.1/thumb/v7-m/nofp/crtbegin.o
 *(.init)
 .init          0x0000000008005744        0x4 D:/STM32_IDE/STM32CubeIDE_1.14.0/STM32CubeIDE/plugins/com.st.stm32cube.ide.mcu.externaltools.gnu-tools-for-stm32.11.3.rel1.win32_1.1.100.202309141235/tools/bin/../lib/gcc/arm-none-eabi/11.3.1/thumb/v7-m/nofp/crti.o
                0x0000000008005744                _init
 .init          0x0000000008005748        0x8 D:/STM32_IDE/STM32CubeIDE_1.14.0/STM32CubeIDE/plugins/com.st.stm32cube.ide.mcu.externaltools.gnu-tools-for-stm32.11.3.rel1.win32_1.1.100.202309141235/tools/bin/../lib/gcc/arm-none-eabi/11.3.1/thumb/v7-m/nofp/crtn.o
 *(.fini)
 .fini          0x0000000008005750        0x4 D:/STM32_IDE/STM32CubeIDE_1.14.0/STM32CubeIDE/plugins/com.st.stm32cube.ide.mcu.externaltools.gnu-tools-for-stm32.11.3.rel1.win32_1.1.100.202309141235/tools/bin/../lib/gcc/arm-none-eabi/11.3.1/thumb/v7-m/nofp/crti.o
                0x0000000008005750                _fini
 .fini          0x0000000008005754        0x8 D:/STM32_IDE/STM32CubeIDE_1.14.0/STM32CubeIDE/plugins/com.st.stm32cube.ide.mcu.externaltools.gnu-tools-for-stm32.11.3.rel1.win32_1.1.100.202309141235/tools/bin/../lib/gcc/arm-none-eabi/11.3.1/thumb/v7-m/nofp/crtn.o
                0x000000000800575c                . = ALIGN (0x4)
                0x000000000800575c                _etext = .

.vfp11_veneer   0x000000000800575c        0x0
 .vfp11_veneer  0x000000000800575c        0x0 linker stubs

.v4_bx          0x000000000800575c        0x0
 .v4_bx         0x000000000800575c        0x0 linker stubs

.iplt           0x000000000800575c        0x0
 .iplt          0x000000000800575c        0x0 D:/STM32_IDE/STM32CubeIDE_1.14.0/STM32CubeIDE/plugins/com.st.stm32cube.ide.mcu.externaltools.gnu-tools-for-stm32.11.3.rel1.win32_1.1.100.202309141235/tools/bin/../lib/gcc/arm-none-eabi/11.3.1/thumb/v7-m/nofp/crtbegin.o

.rodata         0x000000000800575c     0x1600
                0x000000000800575c                . = ALIGN (0x4)
 *(.rodata)
 .rodata        0x000000000800575c       0xc1 ./Core/Src/main.o
 *(.rodata*)
 *fill*         0x000000000800581d        0x3 
 .rodata.AHBPrescTable
                0x0000000008005820       0x10 ./Core/Src/system_stm32f1xx.o
                0x0000000008005820                AHBPrescTable
 .rodata.APBPrescTable
                0x0000000008005830        0x8 ./Core/Src/system_stm32f1xx.o
                0x0000000008005830                APBPrescTable
 .rodata.aPLLMULFactorTable.1
                0x0000000008005838       0x10 ./Drivers/STM32F1xx_HAL_Driver/Src/stm32f1xx_hal_rcc.o
 .rodata.aPredivFactorTable.0
                0x0000000008005848        0x2 ./Drivers/STM32F1xx_HAL_Driver/Src/stm32f1xx_hal_rcc.o
 *fill*         0x000000000800584a        0x2 
 .rodata.aPLLMULFactorTable.1
                0x000000000800584c       0x10 ./Drivers/STM32F1xx_HAL_Driver/Src/stm32f1xx_hal_rcc_ex.o
 .rodata.aPredivFactorTable.0
                0x000000000800585c        0x2 ./Drivers/STM32F1xx_HAL_Driver/Src/stm32f1xx_hal_rcc_ex.o
 *fill*         0x000000000800585e        0x2 
 .rodata.Font7x10
                0x0000000008005860      0x76c ./lib/fonts.o
                0x0000000008005860                Font7x10
 .rodata.Font11x18
                0x0000000008005fcc      0xd5c ./lib/fonts.o
                0x0000000008005fcc                Font11x18
 .rodata._svfprintf_r.str1.1
                0x0000000008006d28       0x11 D:/STM32_IDE/STM32CubeIDE_1.14.0/STM32CubeIDE/plugins/com.st.stm32cube.ide.mcu.externaltools.gnu-tools-for-stm32.11.3.rel1.win32_1.1.100.202309141235/tools/bin/../lib/gcc/arm-none-eabi/11.3.1/../../../../arm-none-eabi/lib/thumb/v7-m/nofp\libc_nano.a(libc_a-nano-svfprintf.o)
 .rodata._printf_i.str1.1
                0x0000000008006d39       0x22 D:/STM32_IDE/STM32CubeIDE_1.14.0/STM32CubeIDE/plugins/com.st.stm32cube.ide.mcu.externaltools.gnu-tools-for-stm32.11.3.rel1.win32_1.1.100.202309141235/tools/bin/../lib/gcc/arm-none-eabi/11.3.1/../../../../arm-none-eabi/lib/thumb/v7-m/nofp\libc_nano.a(libc_a-nano-vfprintf_i.o)
                0x0000000008006d5c                . = ALIGN (0x4)
 *fill*         0x0000000008006d5b        0x1 

.rel.dyn        0x0000000008006d5c        0x0
 .rel.iplt      0x0000000008006d5c        0x0 D:/STM32_IDE/STM32CubeIDE_1.14.0/STM32CubeIDE/plugins/com.st.stm32cube.ide.mcu.externaltools.gnu-tools-for-stm32.11.3.rel1.win32_1.1.100.202309141235/tools/bin/../lib/gcc/arm-none-eabi/11.3.1/thumb/v7-m/nofp/crtbegin.o

.ARM.extab      0x0000000008006d5c        0x0
                0x0000000008006d5c                . = ALIGN (0x4)
 *(.ARM.extab* .gnu.linkonce.armextab.*)
                0x0000000008006d5c                . = ALIGN (0x4)

.ARM            0x0000000008006d5c        0x0
                0x0000000008006d5c                . = ALIGN (0x4)
                0x0000000008006d5c                __exidx_start = .
 *(.ARM.exidx*)
                0x0000000008006d5c                __exidx_end = .
                0x0000000008006d5c                . = ALIGN (0x4)

.preinit_array  0x0000000008006d5c        0x0
                0x0000000008006d5c                . = ALIGN (0x4)
                0x0000000008006d5c                PROVIDE (__preinit_array_start = .)
 *(.preinit_array*)
                0x0000000008006d5c                PROVIDE (__preinit_array_end = .)
                0x0000000008006d5c                . = ALIGN (0x4)

.init_array     0x0000000008006d5c        0x4
                0x0000000008006d5c                . = ALIGN (0x4)
                0x0000000008006d5c                PROVIDE (__init_array_start = .)
 *(SORT_BY_NAME(.init_array.*))
 *(.init_array*)
 .init_array    0x0000000008006d5c        0x4 D:/STM32_IDE/STM32CubeIDE_1.14.0/STM32CubeIDE/plugins/com.st.stm32cube.ide.mcu.externaltools.gnu-tools-for-stm32.11.3.rel1.win32_1.1.100.202309141235/tools/bin/../lib/gcc/arm-none-eabi/11.3.1/thumb/v7-m/nofp/crtbegin.o
                0x0000000008006d60                PROVIDE (__init_array_end = .)
                0x0000000008006d60                . = ALIGN (0x4)

.fini_array     0x0000000008006d60        0x4
                0x0000000008006d60                . = ALIGN (0x4)
                [!provide]                        PROVIDE (__fini_array_start = .)
 *(SORT_BY_NAME(.fini_array.*))
 *(.fini_array*)
 .fini_array    0x0000000008006d60        0x4 D:/STM32_IDE/STM32CubeIDE_1.14.0/STM32CubeIDE/plugins/com.st.stm32cube.ide.mcu.externaltools.gnu-tools-for-stm32.11.3.rel1.win32_1.1.100.202309141235/tools/bin/../lib/gcc/arm-none-eabi/11.3.1/thumb/v7-m/nofp/crtbegin.o
                [!provide]                        PROVIDE (__fini_array_end = .)
                0x0000000008006d64                . = ALIGN (0x4)
                0x0000000008006d64                _sidata = LOADADDR (.data)

.data           0x0000000020000000       0x7c load address 0x0000000008006d64
                0x0000000020000000                . = ALIGN (0x4)
                0x0000000020000000                _sdata = .
 *(.data)
 *(.data*)
 .data.rows     0x0000000020000000        0x3 ./Core/Src/main.o
 *fill*         0x0000000020000003        0x1 
 .data.value    0x0000000020000004        0x2 ./Core/Src/main.o
 *fill*         0x0000000020000006        0x2 
 .data.digit_position_display
                0x0000000020000008        0x4 ./Core/Src/main.o
 .data.change_state_null
                0x000000002000000c        0x1 ./Core/Src/main.o
 .data.flag_screen
                0x000000002000000d        0x1 ./Core/Src/main.o
 *fill*         0x000000002000000e        0x2 
 .data.SystemCoreClock
                0x0000000020000010        0x4 ./Core/Src/system_stm32f1xx.o
                0x0000000020000010                SystemCoreClock
 .data.uwTickPrio
                0x0000000020000014        0x4 ./Drivers/STM32F1xx_HAL_Driver/Src/stm32f1xx_hal.o
                0x0000000020000014                uwTickPrio
 .data.uwTickFreq
                0x0000000020000018        0x1 ./Drivers/STM32F1xx_HAL_Driver/Src/stm32f1xx_hal.o
                0x0000000020000018                uwTickFreq
 .data.current_state
                0x0000000020000019        0x1 ./lib/button_detect.o
 .data.last_state
                0x000000002000001a        0x1 ./lib/button_detect.o
 .data.deboucing_state
                0x000000002000001b        0x1 ./lib/button_detect.o
 .data.Font_7x10
                0x000000002000001c        0x8 ./lib/fonts.o
                0x000000002000001c                Font_7x10
 .data.Font_11x18
                0x0000000020000024        0x8 ./lib/fonts.o
                0x0000000020000024                Font_11x18
 .data._impure_data
                0x000000002000002c       0x4c D:/STM32_IDE/STM32CubeIDE_1.14.0/STM32CubeIDE/plugins/com.st.stm32cube.ide.mcu.externaltools.gnu-tools-for-stm32.11.3.rel1.win32_1.1.100.202309141235/tools/bin/../lib/gcc/arm-none-eabi/11.3.1/../../../../arm-none-eabi/lib/thumb/v7-m/nofp\libc_nano.a(libc_a-impure.o)
                0x000000002000002c                _impure_data
 .data._impure_ptr
                0x0000000020000078        0x4 D:/STM32_IDE/STM32CubeIDE_1.14.0/STM32CubeIDE/plugins/com.st.stm32cube.ide.mcu.externaltools.gnu-tools-for-stm32.11.3.rel1.win32_1.1.100.202309141235/tools/bin/../lib/gcc/arm-none-eabi/11.3.1/../../../../arm-none-eabi/lib/thumb/v7-m/nofp\libc_nano.a(libc_a-impure.o)
                0x0000000020000078                _impure_ptr
 *(.RamFunc)
 *(.RamFunc*)
                0x000000002000007c                . = ALIGN (0x4)
                0x000000002000007c                _edata = .

.igot.plt       0x000000002000007c        0x0 load address 0x0000000008006de0
 .igot.plt      0x000000002000007c        0x0 D:/STM32_IDE/STM32CubeIDE_1.14.0/STM32CubeIDE/plugins/com.st.stm32cube.ide.mcu.externaltools.gnu-tools-for-stm32.11.3.rel1.win32_1.1.100.202309141235/tools/bin/../lib/gcc/arm-none-eabi/11.3.1/thumb/v7-m/nofp/crtbegin.o
                0x000000002000007c                . = ALIGN (0x4)

.bss            0x000000002000007c      0x624 load address 0x0000000008006de0
                0x000000002000007c                _sbss = .
                0x000000002000007c                __bss_start__ = _sbss
 *(.bss)
 .bss           0x000000002000007c       0x1c D:/STM32_IDE/STM32CubeIDE_1.14.0/STM32CubeIDE/plugins/com.st.stm32cube.ide.mcu.externaltools.gnu-tools-for-stm32.11.3.rel1.win32_1.1.100.202309141235/tools/bin/../lib/gcc/arm-none-eabi/11.3.1/thumb/v7-m/nofp/crtbegin.o
 *(.bss*)
 .bss.hadc1     0x0000000020000098       0x30 ./Core/Src/main.o
                0x0000000020000098                hadc1
 .bss.hi2c1     0x00000000200000c8       0x54 ./Core/Src/main.o
                0x00000000200000c8                hi2c1
 .bss.menu      0x000000002000011c        0x1 ./Core/Src/main.o
 .bss.state_button
                0x000000002000011d        0x1 ./Core/Src/main.o
 .bss.state_machine
                0x000000002000011e        0x1 ./Core/Src/main.o
 *fill*         0x000000002000011f        0x1 
 .bss.string    0x0000000020000120        0xa ./Core/Src/main.o
 *fill*         0x000000002000012a        0x2 
 .bss.value_threshold
                0x000000002000012c        0x4 ./Core/Src/main.o
 .bss.value_threshold_setting
                0x0000000020000130        0x2 ./Core/Src/main.o
 .bss.digit_position
                0x0000000020000132        0x1 ./Core/Src/main.o
 .bss.state_no_null
                0x0000000020000133        0x1 ./Core/Src/main.o
 .bss.flag_enable_threshold
                0x0000000020000134        0x1 ./Core/Src/main.o
 *fill*         0x0000000020000135        0x3 
 .bss.votage    0x0000000020000138        0x4 ./Core/Src/main.o
                0x0000000020000138                votage
 .bss.__sbrk_heap_end
                0x000000002000013c        0x4 ./Core/Src/sysmem.o
 .bss.uwTick    0x0000000020000140        0x4 ./Drivers/STM32F1xx_HAL_Driver/Src/stm32f1xx_hal.o
                0x0000000020000140                uwTick
 .bss.state_button
                0x0000000020000144        0x1 ./lib/button_detect.o
 .bss.is_deboucing
                0x0000000020000145        0x1 ./lib/button_detect.o
 *fill*         0x0000000020000146        0x2 
 .bss.deboucing_timer
                0x0000000020000148        0x4 ./lib/button_detect.o
 .bss.current_input
                0x000000002000014c        0x1 ./lib/button_detect.o
 *fill*         0x000000002000014d        0x3 
 .bss.SSD1306_Buffer
                0x0000000020000150      0x400 ./lib/ssd1306.o
 .bss.SSD1306   0x0000000020000550        0x6 ./lib/ssd1306.o
 *fill*         0x0000000020000556        0x2 
 .bss.__sf      0x0000000020000558      0x138 D:/STM32_IDE/STM32CubeIDE_1.14.0/STM32CubeIDE/plugins/com.st.stm32cube.ide.mcu.externaltools.gnu-tools-for-stm32.11.3.rel1.win32_1.1.100.202309141235/tools/bin/../lib/gcc/arm-none-eabi/11.3.1/../../../../arm-none-eabi/lib/thumb/v7-m/nofp\libc_nano.a(libc_a-findfp.o)
                0x0000000020000558                __sf
 .bss.errno     0x0000000020000690        0x4 D:/STM32_IDE/STM32CubeIDE_1.14.0/STM32CubeIDE/plugins/com.st.stm32cube.ide.mcu.externaltools.gnu-tools-for-stm32.11.3.rel1.win32_1.1.100.202309141235/tools/bin/../lib/gcc/arm-none-eabi/11.3.1/../../../../arm-none-eabi/lib/thumb/v7-m/nofp\libc_nano.a(libc_a-reent.o)
                0x0000000020000690                errno
 .bss.__lock___malloc_recursive_mutex
                0x0000000020000694        0x1 D:/STM32_IDE/STM32CubeIDE_1.14.0/STM32CubeIDE/plugins/com.st.stm32cube.ide.mcu.externaltools.gnu-tools-for-stm32.11.3.rel1.win32_1.1.100.202309141235/tools/bin/../lib/gcc/arm-none-eabi/11.3.1/../../../../arm-none-eabi/lib/thumb/v7-m/nofp\libc_nano.a(libc_a-lock.o)
                0x0000000020000694                __lock___malloc_recursive_mutex
 *fill*         0x0000000020000695        0x3 
 .bss.__malloc_free_list
                0x0000000020000698        0x4 D:/STM32_IDE/STM32CubeIDE_1.14.0/STM32CubeIDE/plugins/com.st.stm32cube.ide.mcu.externaltools.gnu-tools-for-stm32.11.3.rel1.win32_1.1.100.202309141235/tools/bin/../lib/gcc/arm-none-eabi/11.3.1/../../../../arm-none-eabi/lib/thumb/v7-m/nofp\libc_nano.a(libc_a-mallocr.o)
                0x0000000020000698                __malloc_free_list
 .bss.__malloc_sbrk_start
                0x000000002000069c        0x4 D:/STM32_IDE/STM32CubeIDE_1.14.0/STM32CubeIDE/plugins/com.st.stm32cube.ide.mcu.externaltools.gnu-tools-for-stm32.11.3.rel1.win32_1.1.100.202309141235/tools/bin/../lib/gcc/arm-none-eabi/11.3.1/../../../../arm-none-eabi/lib/thumb/v7-m/nofp\libc_nano.a(libc_a-mallocr.o)
                0x000000002000069c                __malloc_sbrk_start
 *(COMMON)
                0x00000000200006a0                . = ALIGN (0x4)
                0x00000000200006a0                _ebss = .
                0x00000000200006a0                __bss_end__ = _ebss

._user_heap_stack
                0x00000000200006a0      0x600 load address 0x0000000008006de0
                0x00000000200006a0                . = ALIGN (0x8)
                [!provide]                        PROVIDE (end = .)
                0x00000000200006a0                PROVIDE (_end = .)
                0x00000000200008a0                . = (. + _Min_Heap_Size)
 *fill*         0x00000000200006a0      0x200 
                0x0000000020000ca0                . = (. + _Min_Stack_Size)
 *fill*         0x00000000200008a0      0x400 
                0x0000000020000ca0                . = ALIGN (0x8)

/DISCARD/
 libc.a(*)
 libm.a(*)
 libgcc.a(*)

.ARM.attributes
                0x0000000000000000       0x29
 *(.ARM.attributes)
 .ARM.attributes
                0x0000000000000000       0x1d D:/STM32_IDE/STM32CubeIDE_1.14.0/STM32CubeIDE/plugins/com.st.stm32cube.ide.mcu.externaltools.gnu-tools-for-stm32.11.3.rel1.win32_1.1.100.202309141235/tools/bin/../lib/gcc/arm-none-eabi/11.3.1/thumb/v7-m/nofp/crti.o
 .ARM.attributes
                0x000000000000001d       0x2d D:/STM32_IDE/STM32CubeIDE_1.14.0/STM32CubeIDE/plugins/com.st.stm32cube.ide.mcu.externaltools.gnu-tools-for-stm32.11.3.rel1.win32_1.1.100.202309141235/tools/bin/../lib/gcc/arm-none-eabi/11.3.1/thumb/v7-m/nofp/crtbegin.o
 .ARM.attributes
                0x000000000000004a       0x2d ./Core/Src/main.o
 .ARM.attributes
                0x0000000000000077       0x2d ./Core/Src/stm32f1xx_hal_msp.o
 .ARM.attributes
                0x00000000000000a4       0x2d ./Core/Src/stm32f1xx_it.o
 .ARM.attributes
                0x00000000000000d1       0x2d ./Core/Src/sysmem.o
 .ARM.attributes
                0x00000000000000fe       0x2d ./Core/Src/system_stm32f1xx.o
 .ARM.attributes
                0x000000000000012b       0x21 ./Core/Startup/startup_stm32f103c8tx.o
 .ARM.attributes
                0x000000000000014c       0x2d ./Drivers/STM32F1xx_HAL_Driver/Src/stm32f1xx_hal.o
 .ARM.attributes
                0x0000000000000179       0x2d ./Drivers/STM32F1xx_HAL_Driver/Src/stm32f1xx_hal_adc.o
 .ARM.attributes
                0x00000000000001a6       0x2d ./Drivers/STM32F1xx_HAL_Driver/Src/stm32f1xx_hal_cortex.o
 .ARM.attributes
                0x00000000000001d3       0x2d ./Drivers/STM32F1xx_HAL_Driver/Src/stm32f1xx_hal_gpio.o
 .ARM.attributes
                0x0000000000000200       0x2d ./Drivers/STM32F1xx_HAL_Driver/Src/stm32f1xx_hal_i2c.o
 .ARM.attributes
                0x000000000000022d       0x2d ./Drivers/STM32F1xx_HAL_Driver/Src/stm32f1xx_hal_rcc.o
 .ARM.attributes
                0x000000000000025a       0x2d ./Drivers/STM32F1xx_HAL_Driver/Src/stm32f1xx_hal_rcc_ex.o
 .ARM.attributes
                0x0000000000000287       0x2d ./lib/button_detect.o
 .ARM.attributes
                0x00000000000002b4       0x2d ./lib/fonts.o
 .ARM.attributes
                0x00000000000002e1       0x2d ./lib/ssd1306.o
 .ARM.attributes
                0x000000000000030e       0x2d D:/STM32_IDE/STM32CubeIDE_1.14.0/STM32CubeIDE/plugins/com.st.stm32cube.ide.mcu.externaltools.gnu-tools-for-stm32.11.3.rel1.win32_1.1.100.202309141235/tools/bin/../lib/gcc/arm-none-eabi/11.3.1/../../../../arm-none-eabi/lib/thumb/v7-m/nofp\libc_nano.a(libc_a-findfp.o)
 .ARM.attributes
                0x000000000000033b       0x2d D:/STM32_IDE/STM32CubeIDE_1.14.0/STM32CubeIDE/plugins/com.st.stm32cube.ide.mcu.externaltools.gnu-tools-for-stm32.11.3.rel1.win32_1.1.100.202309141235/tools/bin/../lib/gcc/arm-none-eabi/11.3.1/../../../../arm-none-eabi/lib/thumb/v7-m/nofp\libc_nano.a(libc_a-sprintf.o)
 .ARM.attributes
                0x0000000000000368       0x2d D:/STM32_IDE/STM32CubeIDE_1.14.0/STM32CubeIDE/plugins/com.st.stm32cube.ide.mcu.externaltools.gnu-tools-for-stm32.11.3.rel1.win32_1.1.100.202309141235/tools/bin/../lib/gcc/arm-none-eabi/11.3.1/../../../../arm-none-eabi/lib/thumb/v7-m/nofp\libc_nano.a(libc_a-memset.o)
 .ARM.attributes
                0x0000000000000395       0x2d D:/STM32_IDE/STM32CubeIDE_1.14.0/STM32CubeIDE/plugins/com.st.stm32cube.ide.mcu.externaltools.gnu-tools-for-stm32.11.3.rel1.win32_1.1.100.202309141235/tools/bin/../lib/gcc/arm-none-eabi/11.3.1/../../../../arm-none-eabi/lib/thumb/v7-m/nofp\libc_nano.a(libc_a-reent.o)
 .ARM.attributes
                0x00000000000003c2       0x2d D:/STM32_IDE/STM32CubeIDE_1.14.0/STM32CubeIDE/plugins/com.st.stm32cube.ide.mcu.externaltools.gnu-tools-for-stm32.11.3.rel1.win32_1.1.100.202309141235/tools/bin/../lib/gcc/arm-none-eabi/11.3.1/../../../../arm-none-eabi/lib/thumb/v7-m/nofp\libc_nano.a(libc_a-impure.o)
 .ARM.attributes
                0x00000000000003ef       0x2d D:/STM32_IDE/STM32CubeIDE_1.14.0/STM32CubeIDE/plugins/com.st.stm32cube.ide.mcu.externaltools.gnu-tools-for-stm32.11.3.rel1.win32_1.1.100.202309141235/tools/bin/../lib/gcc/arm-none-eabi/11.3.1/../../../../arm-none-eabi/lib/thumb/v7-m/nofp\libc_nano.a(libc_a-errno.o)
 .ARM.attributes
                0x000000000000041c       0x2d D:/STM32_IDE/STM32CubeIDE_1.14.0/STM32CubeIDE/plugins/com.st.stm32cube.ide.mcu.externaltools.gnu-tools-for-stm32.11.3.rel1.win32_1.1.100.202309141235/tools/bin/../lib/gcc/arm-none-eabi/11.3.1/../../../../arm-none-eabi/lib/thumb/v7-m/nofp\libc_nano.a(libc_a-init.o)
 .ARM.attributes
                0x0000000000000449       0x2d D:/STM32_IDE/STM32CubeIDE_1.14.0/STM32CubeIDE/plugins/com.st.stm32cube.ide.mcu.externaltools.gnu-tools-for-stm32.11.3.rel1.win32_1.1.100.202309141235/tools/bin/../lib/gcc/arm-none-eabi/11.3.1/../../../../arm-none-eabi/lib/thumb/v7-m/nofp\libc_nano.a(libc_a-lock.o)
 .ARM.attributes
                0x0000000000000476       0x2d D:/STM32_IDE/STM32CubeIDE_1.14.0/STM32CubeIDE/plugins/com.st.stm32cube.ide.mcu.externaltools.gnu-tools-for-stm32.11.3.rel1.win32_1.1.100.202309141235/tools/bin/../lib/gcc/arm-none-eabi/11.3.1/../../../../arm-none-eabi/lib/thumb/v7-m/nofp\libc_nano.a(libc_a-freer.o)
 .ARM.attributes
                0x00000000000004a3       0x2d D:/STM32_IDE/STM32CubeIDE_1.14.0/STM32CubeIDE/plugins/com.st.stm32cube.ide.mcu.externaltools.gnu-tools-for-stm32.11.3.rel1.win32_1.1.100.202309141235/tools/bin/../lib/gcc/arm-none-eabi/11.3.1/../../../../arm-none-eabi/lib/thumb/v7-m/nofp\libc_nano.a(libc_a-mallocr.o)
 .ARM.attributes
                0x00000000000004d0       0x2d D:/STM32_IDE/STM32CubeIDE_1.14.0/STM32CubeIDE/plugins/com.st.stm32cube.ide.mcu.externaltools.gnu-tools-for-stm32.11.3.rel1.win32_1.1.100.202309141235/tools/bin/../lib/gcc/arm-none-eabi/11.3.1/../../../../arm-none-eabi/lib/thumb/v7-m/nofp\libc_nano.a(libc_a-mlock.o)
 .ARM.attributes
                0x00000000000004fd       0x2d D:/STM32_IDE/STM32CubeIDE_1.14.0/STM32CubeIDE/plugins/com.st.stm32cube.ide.mcu.externaltools.gnu-tools-for-stm32.11.3.rel1.win32_1.1.100.202309141235/tools/bin/../lib/gcc/arm-none-eabi/11.3.1/../../../../arm-none-eabi/lib/thumb/v7-m/nofp\libc_nano.a(libc_a-nano-svfprintf.o)
 .ARM.attributes
                0x000000000000052a       0x2d D:/STM32_IDE/STM32CubeIDE_1.14.0/STM32CubeIDE/plugins/com.st.stm32cube.ide.mcu.externaltools.gnu-tools-for-stm32.11.3.rel1.win32_1.1.100.202309141235/tools/bin/../lib/gcc/arm-none-eabi/11.3.1/../../../../arm-none-eabi/lib/thumb/v7-m/nofp\libc_nano.a(libc_a-nano-vfprintf_i.o)
 .ARM.attributes
                0x0000000000000557       0x2d D:/STM32_IDE/STM32CubeIDE_1.14.0/STM32CubeIDE/plugins/com.st.stm32cube.ide.mcu.externaltools.gnu-tools-for-stm32.11.3.rel1.win32_1.1.100.202309141235/tools/bin/../lib/gcc/arm-none-eabi/11.3.1/../../../../arm-none-eabi/lib/thumb/v7-m/nofp\libc_nano.a(libc_a-memmove.o)
 .ARM.attributes
                0x0000000000000584       0x2d D:/STM32_IDE/STM32CubeIDE_1.14.0/STM32CubeIDE/plugins/com.st.stm32cube.ide.mcu.externaltools.gnu-tools-for-stm32.11.3.rel1.win32_1.1.100.202309141235/tools/bin/../lib/gcc/arm-none-eabi/11.3.1/../../../../arm-none-eabi/lib/thumb/v7-m/nofp\libc_nano.a(libc_a-sbrkr.o)
 .ARM.attributes
                0x00000000000005b1       0x2d D:/STM32_IDE/STM32CubeIDE_1.14.0/STM32CubeIDE/plugins/com.st.stm32cube.ide.mcu.externaltools.gnu-tools-for-stm32.11.3.rel1.win32_1.1.100.202309141235/tools/bin/../lib/gcc/arm-none-eabi/11.3.1/../../../../arm-none-eabi/lib/thumb/v7-m/nofp\libc_nano.a(libc_a-memchr-stub.o)
 .ARM.attributes
                0x00000000000005de       0x2d D:/STM32_IDE/STM32CubeIDE_1.14.0/STM32CubeIDE/plugins/com.st.stm32cube.ide.mcu.externaltools.gnu-tools-for-stm32.11.3.rel1.win32_1.1.100.202309141235/tools/bin/../lib/gcc/arm-none-eabi/11.3.1/../../../../arm-none-eabi/lib/thumb/v7-m/nofp\libc_nano.a(libc_a-memcpy-stub.o)
 .ARM.attributes
                0x000000000000060b       0x2d D:/STM32_IDE/STM32CubeIDE_1.14.0/STM32CubeIDE/plugins/com.st.stm32cube.ide.mcu.externaltools.gnu-tools-for-stm32.11.3.rel1.win32_1.1.100.202309141235/tools/bin/../lib/gcc/arm-none-eabi/11.3.1/../../../../arm-none-eabi/lib/thumb/v7-m/nofp\libc_nano.a(libc_a-reallocr.o)
 .ARM.attributes
                0x0000000000000638       0x2d D:/STM32_IDE/STM32CubeIDE_1.14.0/STM32CubeIDE/plugins/com.st.stm32cube.ide.mcu.externaltools.gnu-tools-for-stm32.11.3.rel1.win32_1.1.100.202309141235/tools/bin/../lib/gcc/arm-none-eabi/11.3.1/../../../../arm-none-eabi/lib/thumb/v7-m/nofp\libc_nano.a(libc_a-msizer.o)
 .ARM.attributes
                0x0000000000000665       0x1d D:/STM32_IDE/STM32CubeIDE_1.14.0/STM32CubeIDE/plugins/com.st.stm32cube.ide.mcu.externaltools.gnu-tools-for-stm32.11.3.rel1.win32_1.1.100.202309141235/tools/bin/../lib/gcc/arm-none-eabi/11.3.1/thumb/v7-m/nofp\libgcc.a(_arm_mulsf3.o)
 .ARM.attributes
                0x0000000000000682       0x1d D:/STM32_IDE/STM32CubeIDE_1.14.0/STM32CubeIDE/plugins/com.st.stm32cube.ide.mcu.externaltools.gnu-tools-for-stm32.11.3.rel1.win32_1.1.100.202309141235/tools/bin/../lib/gcc/arm-none-eabi/11.3.1/thumb/v7-m/nofp\libgcc.a(_arm_addsubdf3.o)
 .ARM.attributes
                0x000000000000069f       0x1d D:/STM32_IDE/STM32CubeIDE_1.14.0/STM32CubeIDE/plugins/com.st.stm32cube.ide.mcu.externaltools.gnu-tools-for-stm32.11.3.rel1.win32_1.1.100.202309141235/tools/bin/../lib/gcc/arm-none-eabi/11.3.1/thumb/v7-m/nofp\libgcc.a(_arm_muldivdf3.o)
 .ARM.attributes
                0x00000000000006bc       0x1d D:/STM32_IDE/STM32CubeIDE_1.14.0/STM32CubeIDE/plugins/com.st.stm32cube.ide.mcu.externaltools.gnu-tools-for-stm32.11.3.rel1.win32_1.1.100.202309141235/tools/bin/../lib/gcc/arm-none-eabi/11.3.1/thumb/v7-m/nofp\libgcc.a(_arm_fixunsdfsi.o)
 .ARM.attributes
                0x00000000000006d9       0x1d D:/STM32_IDE/STM32CubeIDE_1.14.0/STM32CubeIDE/plugins/com.st.stm32cube.ide.mcu.externaltools.gnu-tools-for-stm32.11.3.rel1.win32_1.1.100.202309141235/tools/bin/../lib/gcc/arm-none-eabi/11.3.1/thumb/v7-m/nofp\libgcc.a(_arm_truncdfsf2.o)
 .ARM.attributes
                0x00000000000006f6       0x1d D:/STM32_IDE/STM32CubeIDE_1.14.0/STM32CubeIDE/plugins/com.st.stm32cube.ide.mcu.externaltools.gnu-tools-for-stm32.11.3.rel1.win32_1.1.100.202309141235/tools/bin/../lib/gcc/arm-none-eabi/11.3.1/thumb/v7-m/nofp\libgcc.a(_arm_addsubsf3.o)
 .ARM.attributes
                0x0000000000000713       0x1d D:/STM32_IDE/STM32CubeIDE_1.14.0/STM32CubeIDE/plugins/com.st.stm32cube.ide.mcu.externaltools.gnu-tools-for-stm32.11.3.rel1.win32_1.1.100.202309141235/tools/bin/../lib/gcc/arm-none-eabi/11.3.1/thumb/v7-m/nofp/crtn.o
OUTPUT(ssd1306.elf elf32-littlearm)
LOAD linker stubs
LOAD D:/STM32_IDE/STM32CubeIDE_1.14.0/STM32CubeIDE/plugins/com.st.stm32cube.ide.mcu.externaltools.gnu-tools-for-stm32.11.3.rel1.win32_1.1.100.202309141235/tools/bin/../lib/gcc/arm-none-eabi/11.3.1/../../../../arm-none-eabi/lib/thumb/v7-m/nofp\libc.a
LOAD D:/STM32_IDE/STM32CubeIDE_1.14.0/STM32CubeIDE/plugins/com.st.stm32cube.ide.mcu.externaltools.gnu-tools-for-stm32.11.3.rel1.win32_1.1.100.202309141235/tools/bin/../lib/gcc/arm-none-eabi/11.3.1/../../../../arm-none-eabi/lib/thumb/v7-m/nofp\libm.a
LOAD D:/STM32_IDE/STM32CubeIDE_1.14.0/STM32CubeIDE/plugins/com.st.stm32cube.ide.mcu.externaltools.gnu-tools-for-stm32.11.3.rel1.win32_1.1.100.202309141235/tools/bin/../lib/gcc/arm-none-eabi/11.3.1/thumb/v7-m/nofp\libgcc.a

.comment        0x0000000000000000       0x43
 .comment       0x0000000000000000       0x43 D:/STM32_IDE/STM32CubeIDE_1.14.0/STM32CubeIDE/plugins/com.st.stm32cube.ide.mcu.externaltools.gnu-tools-for-stm32.11.3.rel1.win32_1.1.100.202309141235/tools/bin/../lib/gcc/arm-none-eabi/11.3.1/thumb/v7-m/nofp/crtbegin.o
                                         0x44 (size before relaxing)
 .comment       0x0000000000000043       0x44 ./Core/Src/main.o
 .comment       0x0000000000000043       0x44 ./Core/Src/stm32f1xx_hal_msp.o
 .comment       0x0000000000000043       0x44 ./Core/Src/stm32f1xx_it.o
 .comment       0x0000000000000043       0x44 ./Core/Src/sysmem.o
 .comment       0x0000000000000043       0x44 ./Core/Src/system_stm32f1xx.o
 .comment       0x0000000000000043       0x44 ./Drivers/STM32F1xx_HAL_Driver/Src/stm32f1xx_hal.o
 .comment       0x0000000000000043       0x44 ./Drivers/STM32F1xx_HAL_Driver/Src/stm32f1xx_hal_adc.o
 .comment       0x0000000000000043       0x44 ./Drivers/STM32F1xx_HAL_Driver/Src/stm32f1xx_hal_cortex.o
 .comment       0x0000000000000043       0x44 ./Drivers/STM32F1xx_HAL_Driver/Src/stm32f1xx_hal_gpio.o
 .comment       0x0000000000000043       0x44 ./Drivers/STM32F1xx_HAL_Driver/Src/stm32f1xx_hal_i2c.o
 .comment       0x0000000000000043       0x44 ./Drivers/STM32F1xx_HAL_Driver/Src/stm32f1xx_hal_rcc.o
 .comment       0x0000000000000043       0x44 ./Drivers/STM32F1xx_HAL_Driver/Src/stm32f1xx_hal_rcc_ex.o
 .comment       0x0000000000000043       0x44 ./lib/button_detect.o
 .comment       0x0000000000000043       0x44 ./lib/fonts.o
 .comment       0x0000000000000043       0x44 ./lib/ssd1306.o

.debug_info     0x0000000000000000     0x8a03
 .debug_info    0x0000000000000000     0x1157 ./Core/Src/main.o
 .debug_info    0x0000000000001157      0xae8 ./Core/Src/stm32f1xx_hal_msp.o
 .debug_info    0x0000000000001c3f      0x113 ./Core/Src/stm32f1xx_it.o
 .debug_info    0x0000000000001d52      0x168 ./Core/Src/sysmem.o
 .debug_info    0x0000000000001eba      0x222 ./Core/Src/system_stm32f1xx.o
 .debug_info    0x00000000000020dc       0x23 ./Core/Startup/startup_stm32f103c8tx.o
 .debug_info    0x00000000000020ff      0x704 ./Drivers/STM32F1xx_HAL_Driver/Src/stm32f1xx_hal.o
 .debug_info    0x0000000000002803      0xc50 ./Drivers/STM32F1xx_HAL_Driver/Src/stm32f1xx_hal_adc.o
 .debug_info    0x0000000000003453      0xa87 ./Drivers/STM32F1xx_HAL_Driver/Src/stm32f1xx_hal_cortex.o
 .debug_info    0x0000000000003eda      0x5ab ./Drivers/STM32F1xx_HAL_Driver/Src/stm32f1xx_hal_gpio.o
 .debug_info    0x0000000000004485     0x2515 ./Drivers/STM32F1xx_HAL_Driver/Src/stm32f1xx_hal_i2c.o
 .debug_info    0x000000000000699a      0x7d5 ./Drivers/STM32F1xx_HAL_Driver/Src/stm32f1xx_hal_rcc.o
 .debug_info    0x000000000000716f      0x3c0 ./Drivers/STM32F1xx_HAL_Driver/Src/stm32f1xx_hal_rcc_ex.o
 .debug_info    0x000000000000752f      0x260 ./lib/button_detect.o
 .debug_info    0x000000000000778f      0x255 ./lib/fonts.o
 .debug_info    0x00000000000079e4     0x101f ./lib/ssd1306.o

.debug_abbrev   0x0000000000000000     0x1c61
 .debug_abbrev  0x0000000000000000      0x338 ./Core/Src/main.o
 .debug_abbrev  0x0000000000000338      0x1a4 ./Core/Src/stm32f1xx_hal_msp.o
 .debug_abbrev  0x00000000000004dc       0x73 ./Core/Src/stm32f1xx_it.o
 .debug_abbrev  0x000000000000054f       0xbc ./Core/Src/sysmem.o
 .debug_abbrev  0x000000000000060b      0x13f ./Core/Src/system_stm32f1xx.o
 .debug_abbrev  0x000000000000074a       0x12 ./Core/Startup/startup_stm32f103c8tx.o
 .debug_abbrev  0x000000000000075c      0x201 ./Drivers/STM32F1xx_HAL_Driver/Src/stm32f1xx_hal.o
 .debug_abbrev  0x000000000000095d      0x225 ./Drivers/STM32F1xx_HAL_Driver/Src/stm32f1xx_hal_adc.o
 .debug_abbrev  0x0000000000000b82      0x2f8 ./Drivers/STM32F1xx_HAL_Driver/Src/stm32f1xx_hal_cortex.o
 .debug_abbrev  0x0000000000000e7a      0x1ca ./Drivers/STM32F1xx_HAL_Driver/Src/stm32f1xx_hal_gpio.o
 .debug_abbrev  0x0000000000001044      0x2a3 ./Drivers/STM32F1xx_HAL_Driver/Src/stm32f1xx_hal_i2c.o
 .debug_abbrev  0x00000000000012e7      0x2b3 ./Drivers/STM32F1xx_HAL_Driver/Src/stm32f1xx_hal_rcc.o
 .debug_abbrev  0x000000000000159a      0x188 ./Drivers/STM32F1xx_HAL_Driver/Src/stm32f1xx_hal_rcc_ex.o
 .debug_abbrev  0x0000000000001722      0x131 ./lib/button_detect.o
 .debug_abbrev  0x0000000000001853      0x11c ./lib/fonts.o
 .debug_abbrev  0x000000000000196f      0x2f2 ./lib/ssd1306.o

.debug_aranges  0x0000000000000000      0x960
 .debug_aranges
                0x0000000000000000       0x78 ./Core/Src/main.o
 .debug_aranges
                0x0000000000000078       0x40 ./Core/Src/stm32f1xx_hal_msp.o
 .debug_aranges
                0x00000000000000b8       0x60 ./Core/Src/stm32f1xx_it.o
 .debug_aranges
                0x0000000000000118       0x20 ./Core/Src/sysmem.o
 .debug_aranges
                0x0000000000000138       0x28 ./Core/Src/system_stm32f1xx.o
 .debug_aranges
                0x0000000000000160       0x28 ./Core/Startup/startup_stm32f103c8tx.o
 .debug_aranges
                0x0000000000000188       0xe0 ./Drivers/STM32F1xx_HAL_Driver/Src/stm32f1xx_hal.o
 .debug_aranges
                0x0000000000000268       0xf0 ./Drivers/STM32F1xx_HAL_Driver/Src/stm32f1xx_hal_adc.o
 .debug_aranges
                0x0000000000000358      0x100 ./Drivers/STM32F1xx_HAL_Driver/Src/stm32f1xx_hal_cortex.o
 .debug_aranges
                0x0000000000000458       0x58 ./Drivers/STM32F1xx_HAL_Driver/Src/stm32f1xx_hal_gpio.o
 .debug_aranges
                0x00000000000004b0      0x2a8 ./Drivers/STM32F1xx_HAL_Driver/Src/stm32f1xx_hal_i2c.o
 .debug_aranges
                0x0000000000000758       0x90 ./Drivers/STM32F1xx_HAL_Driver/Src/stm32f1xx_hal_rcc.o
 .debug_aranges
                0x00000000000007e8       0x30 ./Drivers/STM32F1xx_HAL_Driver/Src/stm32f1xx_hal_rcc_ex.o
 .debug_aranges
                0x0000000000000818       0x30 ./lib/button_detect.o
 .debug_aranges
                0x0000000000000848       0x20 ./lib/fonts.o
 .debug_aranges
                0x0000000000000868       0xf8 ./lib/ssd1306.o

.debug_rnglists
                0x0000000000000000      0x726
 .debug_rnglists
                0x0000000000000000       0x5a ./Core/Src/main.o
 .debug_rnglists
                0x000000000000005a       0x2b ./Core/Src/stm32f1xx_hal_msp.o
 .debug_rnglists
                0x0000000000000085       0x43 ./Core/Src/stm32f1xx_it.o
 .debug_rnglists
                0x00000000000000c8       0x13 ./Core/Src/sysmem.o
 .debug_rnglists
                0x00000000000000db       0x1a ./Core/Src/system_stm32f1xx.o
 .debug_rnglists
                0x00000000000000f5       0x19 ./Core/Startup/startup_stm32f103c8tx.o
 .debug_rnglists
                0x000000000000010e       0xa3 ./Drivers/STM32F1xx_HAL_Driver/Src/stm32f1xx_hal.o
 .debug_rnglists
                0x00000000000001b1       0xbc ./Drivers/STM32F1xx_HAL_Driver/Src/stm32f1xx_hal_adc.o
 .debug_rnglists
                0x000000000000026d       0xbb ./Drivers/STM32F1xx_HAL_Driver/Src/stm32f1xx_hal_cortex.o
 .debug_rnglists
                0x0000000000000328       0x3f ./Drivers/STM32F1xx_HAL_Driver/Src/stm32f1xx_hal_gpio.o
 .debug_rnglists
                0x0000000000000367      0x23c ./Drivers/STM32F1xx_HAL_Driver/Src/stm32f1xx_hal_i2c.o
 .debug_rnglists
                0x00000000000005a3       0x6c ./Drivers/STM32F1xx_HAL_Driver/Src/stm32f1xx_hal_rcc.o
 .debug_rnglists
                0x000000000000060f       0x21 ./Drivers/STM32F1xx_HAL_Driver/Src/stm32f1xx_hal_rcc_ex.o
 .debug_rnglists
                0x0000000000000630       0x21 ./lib/button_detect.o
 .debug_rnglists
                0x0000000000000651       0x13 ./lib/fonts.o
 .debug_rnglists
                0x0000000000000664       0xc2 ./lib/ssd1306.o

.debug_macro    0x0000000000000000    0x17e3e
 .debug_macro   0x0000000000000000      0x31a ./Core/Src/main.o
 .debug_macro   0x000000000000031a      0xa9c ./Core/Src/main.o
 .debug_macro   0x0000000000000db6      0x21b ./Core/Src/main.o
 .debug_macro   0x0000000000000fd1       0x2e ./Core/Src/main.o
 .debug_macro   0x0000000000000fff       0x22 ./Core/Src/main.o
 .debug_macro   0x0000000000001021       0x22 ./Core/Src/main.o
 .debug_macro   0x0000000000001043       0x8e ./Core/Src/main.o
 .debug_macro   0x00000000000010d1       0x51 ./Core/Src/main.o
 .debug_macro   0x0000000000001122      0x103 ./Core/Src/main.o
 .debug_macro   0x0000000000001225       0x6a ./Core/Src/main.o
 .debug_macro   0x000000000000128f      0x1df ./Core/Src/main.o
 .debug_macro   0x000000000000146e       0x1c ./Core/Src/main.o
 .debug_macro   0x000000000000148a       0x22 ./Core/Src/main.o
 .debug_macro   0x00000000000014ac       0xbd ./Core/Src/main.o
 .debug_macro   0x0000000000001569      0xd23 ./Core/Src/main.o
 .debug_macro   0x000000000000228c     0xe09e ./Core/Src/main.o
 .debug_macro   0x000000000001032a       0x6d ./Core/Src/main.o
 .debug_macro   0x0000000000010397     0x348d ./Core/Src/main.o
 .debug_macro   0x0000000000013824      0x174 ./Core/Src/main.o
 .debug_macro   0x0000000000013998       0x5c ./Core/Src/main.o
 .debug_macro   0x00000000000139f4      0x5bc ./Core/Src/main.o
 .debug_macro   0x0000000000013fb0      0x289 ./Core/Src/main.o
 .debug_macro   0x0000000000014239      0x1cb ./Core/Src/main.o
 .debug_macro   0x0000000000014404      0x114 ./Core/Src/main.o
 .debug_macro   0x0000000000014518      0x1b2 ./Core/Src/main.o
 .debug_macro   0x00000000000146ca       0x27 ./Core/Src/main.o
 .debug_macro   0x00000000000146f1      0x136 ./Core/Src/main.o
 .debug_macro   0x0000000000014827      0x1bc ./Core/Src/main.o
 .debug_macro   0x00000000000149e3       0x34 ./Core/Src/main.o
 .debug_macro   0x0000000000014a17       0x3c ./Core/Src/main.o
 .debug_macro   0x0000000000014a53       0x57 ./Core/Src/main.o
 .debug_macro   0x0000000000014aaa      0x46a ./Core/Src/main.o
 .debug_macro   0x0000000000014f14      0x1b5 ./Core/Src/main.o
 .debug_macro   0x00000000000150c9       0x87 ./Core/Src/main.o
 .debug_macro   0x0000000000015150      0x240 ./Core/Src/main.o
 .debug_macro   0x0000000000015390      0x287 ./Core/Src/main.o
 .debug_macro   0x0000000000015617      0x140 ./Core/Src/main.o
 .debug_macro   0x0000000000015757       0x83 ./Core/Src/main.o
 .debug_macro   0x00000000000157da       0x70 ./Core/Src/main.o
 .debug_macro   0x000000000001584a       0x61 ./Core/Src/main.o
 .debug_macro   0x00000000000158ab       0x24 ./Core/Src/main.o
 .debug_macro   0x00000000000158cf       0x43 ./Core/Src/main.o
 .debug_macro   0x0000000000015912       0x34 ./Core/Src/main.o
 .debug_macro   0x0000000000015946       0x16 ./Core/Src/main.o
 .debug_macro   0x000000000001595c       0x43 ./Core/Src/main.o
 .debug_macro   0x000000000001599f       0x34 ./Core/Src/main.o
 .debug_macro   0x00000000000159d3       0x10 ./Core/Src/main.o
 .debug_macro   0x00000000000159e3       0x58 ./Core/Src/main.o
 .debug_macro   0x0000000000015a3b       0x8e ./Core/Src/main.o
 .debug_macro   0x0000000000015ac9       0x1c ./Core/Src/main.o
 .debug_macro   0x0000000000015ae5      0x177 ./Core/Src/main.o
 .debug_macro   0x0000000000015c5c      0x369 ./Core/Src/main.o
 .debug_macro   0x0000000000015fc5       0x10 ./Core/Src/main.o
 .debug_macro   0x0000000000015fd5       0x35 ./Core/Src/main.o
 .debug_macro   0x000000000001600a       0x20 ./Core/Src/main.o
 .debug_macro   0x000000000001602a       0x16 ./Core/Src/main.o
 .debug_macro   0x0000000000016040       0x16 ./Core/Src/main.o
 .debug_macro   0x0000000000016056       0x29 ./Core/Src/main.o
 .debug_macro   0x000000000001607f       0x1d ./Core/Src/main.o
 .debug_macro   0x000000000001609c       0x1c ./Core/Src/main.o
 .debug_macro   0x00000000000160b8       0x10 ./Core/Src/main.o
 .debug_macro   0x00000000000160c8       0x1c ./Core/Src/main.o
 .debug_macro   0x00000000000160e4       0x16 ./Core/Src/main.o
 .debug_macro   0x00000000000160fa      0x147 ./Core/Src/main.o
 .debug_macro   0x0000000000016241      0x1b1 ./Core/Src/stm32f1xx_hal_msp.o
 .debug_macro   0x00000000000163f2      0x1bb ./Core/Src/stm32f1xx_it.o
 .debug_macro   0x00000000000165ad       0xff ./Core/Src/sysmem.o
 .debug_macro   0x00000000000166ac      0x23c ./Core/Src/sysmem.o
 .debug_macro   0x00000000000168e8      0x1a2 ./Core/Src/system_stm32f1xx.o
 .debug_macro   0x0000000000016a8a      0x1c6 ./Drivers/STM32F1xx_HAL_Driver/Src/stm32f1xx_hal.o
 .debug_macro   0x0000000000016c50      0x1bf ./Drivers/STM32F1xx_HAL_Driver/Src/stm32f1xx_hal_adc.o
 .debug_macro   0x0000000000016e0f      0x1a2 ./Drivers/STM32F1xx_HAL_Driver/Src/stm32f1xx_hal_cortex.o
 .debug_macro   0x0000000000016fb1      0x20d ./Drivers/STM32F1xx_HAL_Driver/Src/stm32f1xx_hal_gpio.o
 .debug_macro   0x00000000000171be      0x1f0 ./Drivers/STM32F1xx_HAL_Driver/Src/stm32f1xx_hal_i2c.o
 .debug_macro   0x00000000000173ae      0x1b4 ./Drivers/STM32F1xx_HAL_Driver/Src/stm32f1xx_hal_rcc.o
 .debug_macro   0x0000000000017562      0x1a2 ./Drivers/STM32F1xx_HAL_Driver/Src/stm32f1xx_hal_rcc_ex.o
 .debug_macro   0x0000000000017704      0x1bb ./lib/button_detect.o
 .debug_macro   0x00000000000178bf      0x27a ./lib/fonts.o
 .debug_macro   0x0000000000017b39      0x305 ./lib/ssd1306.o

.debug_line     0x0000000000000000     0xd200
 .debug_line    0x0000000000000000     0x117f ./Core/Src/main.o
 .debug_line    0x000000000000117f      0x781 ./Core/Src/stm32f1xx_hal_msp.o
 .debug_line    0x0000000000001900      0x7b2 ./Core/Src/stm32f1xx_it.o
 .debug_line    0x00000000000020b2      0x660 ./Core/Src/sysmem.o
 .debug_line    0x0000000000002712      0x76e ./Core/Src/system_stm32f1xx.o
 .debug_line    0x0000000000002e80       0x78 ./Core/Startup/startup_stm32f103c8tx.o
 .debug_line    0x0000000000002ef8      0x99b ./Drivers/STM32F1xx_HAL_Driver/Src/stm32f1xx_hal.o
 .debug_line    0x0000000000003893     0x1018 ./Drivers/STM32F1xx_HAL_Driver/Src/stm32f1xx_hal_adc.o
 .debug_line    0x00000000000048ab      0xb83 ./Drivers/STM32F1xx_HAL_Driver/Src/stm32f1xx_hal_cortex.o
 .debug_line    0x000000000000542e      0xa34 ./Drivers/STM32F1xx_HAL_Driver/Src/stm32f1xx_hal_gpio.o
 .debug_line    0x0000000000005e62     0x3b12 ./Drivers/STM32F1xx_HAL_Driver/Src/stm32f1xx_hal_i2c.o
 .debug_line    0x0000000000009974      0xda4 ./Drivers/STM32F1xx_HAL_Driver/Src/stm32f1xx_hal_rcc.o
 .debug_line    0x000000000000a718      0x8df ./Drivers/STM32F1xx_HAL_Driver/Src/stm32f1xx_hal_rcc_ex.o
 .debug_line    0x000000000000aff7      0x7c7 ./lib/button_detect.o
 .debug_line    0x000000000000b7be      0x945 ./lib/fonts.o
 .debug_line    0x000000000000c103     0x10fd ./lib/ssd1306.o

.debug_str      0x0000000000000000    0x87be5
 .debug_str     0x0000000000000000    0x851e3 ./Core/Src/main.o
                                      0x85625 (size before relaxing)
 .debug_str     0x00000000000851e3       0xb8 ./Core/Src/stm32f1xx_hal_msp.o
                                      0x8173f (size before relaxing)
 .debug_str     0x000000000008529b       0xc9 ./Core/Src/stm32f1xx_it.o
                                      0x810fc (size before relaxing)
 .debug_str     0x0000000000085364      0x4dc ./Core/Src/sysmem.o
                                       0x5ffa (size before relaxing)
 .debug_str     0x0000000000085840       0x7e ./Core/Src/system_stm32f1xx.o
                                      0x80f5b (size before relaxing)
 .debug_str     0x00000000000858be       0x34 ./Core/Startup/startup_stm32f103c8tx.o
                                         0x64 (size before relaxing)
 .debug_str     0x00000000000858f2      0x5fb ./Drivers/STM32F1xx_HAL_Driver/Src/stm32f1xx_hal.o
                                      0x8168e (size before relaxing)
 .debug_str     0x0000000000085eed      0x35e ./Drivers/STM32F1xx_HAL_Driver/Src/stm32f1xx_hal_adc.o
                                      0x8163f (size before relaxing)
 .debug_str     0x000000000008624b      0x2bb ./Drivers/STM32F1xx_HAL_Driver/Src/stm32f1xx_hal_cortex.o
                                      0x815da (size before relaxing)
 .debug_str     0x0000000000086506      0x2e6 ./Drivers/STM32F1xx_HAL_Driver/Src/stm32f1xx_hal_gpio.o
                                      0x812e1 (size before relaxing)
 .debug_str     0x00000000000867ec      0xbc4 ./Drivers/STM32F1xx_HAL_Driver/Src/stm32f1xx_hal_i2c.o
                                      0x82022 (size before relaxing)
 .debug_str     0x00000000000873b0      0x209 ./Drivers/STM32F1xx_HAL_Driver/Src/stm32f1xx_hal_rcc.o
                                      0x8138a (size before relaxing)
 .debug_str     0x00000000000875b9       0x84 ./Drivers/STM32F1xx_HAL_Driver/Src/stm32f1xx_hal_rcc_ex.o
                                      0x810da (size before relaxing)
 .debug_str     0x000000000008763d       0x93 ./lib/button_detect.o
                                      0x811ae (size before relaxing)
 .debug_str     0x00000000000876d0       0x6f ./lib/fonts.o
                                      0x840a3 (size before relaxing)
 .debug_str     0x000000000008773f      0x4a6 ./lib/ssd1306.o
                                      0x84b71 (size before relaxing)

.debug_frame    0x0000000000000000     0x2bd8
 .debug_frame   0x0000000000000000      0x18c ./Core/Src/main.o
 .debug_frame   0x000000000000018c       0xc8 ./Core/Src/stm32f1xx_hal_msp.o
 .debug_frame   0x0000000000000254      0x104 ./Core/Src/stm32f1xx_it.o
 .debug_frame   0x0000000000000358       0x34 ./Core/Src/sysmem.o
 .debug_frame   0x000000000000038c       0x58 ./Core/Src/system_stm32f1xx.o
 .debug_frame   0x00000000000003e4      0x334 ./Drivers/STM32F1xx_HAL_Driver/Src/stm32f1xx_hal.o
 .debug_frame   0x0000000000000718      0x40c ./Drivers/STM32F1xx_HAL_Driver/Src/stm32f1xx_hal_adc.o
 .debug_frame   0x0000000000000b24      0x428 ./Drivers/STM32F1xx_HAL_Driver/Src/stm32f1xx_hal_cortex.o
 .debug_frame   0x0000000000000f4c      0x14c ./Drivers/STM32F1xx_HAL_Driver/Src/stm32f1xx_hal_gpio.o
 .debug_frame   0x0000000000001098      0xc84 ./Drivers/STM32F1xx_HAL_Driver/Src/stm32f1xx_hal_i2c.o
 .debug_frame   0x0000000000001d1c      0x218 ./Drivers/STM32F1xx_HAL_Driver/Src/stm32f1xx_hal_rcc.o
 .debug_frame   0x0000000000001f34       0x80 ./Drivers/STM32F1xx_HAL_Driver/Src/stm32f1xx_hal_rcc_ex.o
 .debug_frame   0x0000000000001fb4       0x78 ./lib/button_detect.o
 .debug_frame   0x000000000000202c       0x38 ./lib/fonts.o
 .debug_frame   0x0000000000002064      0x414 ./lib/ssd1306.o
 .debug_frame   0x0000000000002478      0x144 D:/STM32_IDE/STM32CubeIDE_1.14.0/STM32CubeIDE/plugins/com.st.stm32cube.ide.mcu.externaltools.gnu-tools-for-stm32.11.3.rel1.win32_1.1.100.202309141235/tools/bin/../lib/gcc/arm-none-eabi/11.3.1/../../../../arm-none-eabi/lib/thumb/v7-m/nofp\libc_nano.a(libc_a-findfp.o)
 .debug_frame   0x00000000000025bc       0x6c D:/STM32_IDE/STM32CubeIDE_1.14.0/STM32CubeIDE/plugins/com.st.stm32cube.ide.mcu.externaltools.gnu-tools-for-stm32.11.3.rel1.win32_1.1.100.202309141235/tools/bin/../lib/gcc/arm-none-eabi/11.3.1/../../../../arm-none-eabi/lib/thumb/v7-m/nofp\libc_nano.a(libc_a-sprintf.o)
 .debug_frame   0x0000000000002628       0x20 D:/STM32_IDE/STM32CubeIDE_1.14.0/STM32CubeIDE/plugins/com.st.stm32cube.ide.mcu.externaltools.gnu-tools-for-stm32.11.3.rel1.win32_1.1.100.202309141235/tools/bin/../lib/gcc/arm-none-eabi/11.3.1/../../../../arm-none-eabi/lib/thumb/v7-m/nofp\libc_nano.a(libc_a-memset.o)
 .debug_frame   0x0000000000002648       0x38 D:/STM32_IDE/STM32CubeIDE_1.14.0/STM32CubeIDE/plugins/com.st.stm32cube.ide.mcu.externaltools.gnu-tools-for-stm32.11.3.rel1.win32_1.1.100.202309141235/tools/bin/../lib/gcc/arm-none-eabi/11.3.1/../../../../arm-none-eabi/lib/thumb/v7-m/nofp\libc_nano.a(libc_a-reent.o)
 .debug_frame   0x0000000000002680       0x20 D:/STM32_IDE/STM32CubeIDE_1.14.0/STM32CubeIDE/plugins/com.st.stm32cube.ide.mcu.externaltools.gnu-tools-for-stm32.11.3.rel1.win32_1.1.100.202309141235/tools/bin/../lib/gcc/arm-none-eabi/11.3.1/../../../../arm-none-eabi/lib/thumb/v7-m/nofp\libc_nano.a(libc_a-errno.o)
 .debug_frame   0x00000000000026a0       0x2c D:/STM32_IDE/STM32CubeIDE_1.14.0/STM32CubeIDE/plugins/com.st.stm32cube.ide.mcu.externaltools.gnu-tools-for-stm32.11.3.rel1.win32_1.1.100.202309141235/tools/bin/../lib/gcc/arm-none-eabi/11.3.1/../../../../arm-none-eabi/lib/thumb/v7-m/nofp\libc_nano.a(libc_a-init.o)
 .debug_frame   0x00000000000026cc       0xb0 D:/STM32_IDE/STM32CubeIDE_1.14.0/STM32CubeIDE/plugins/com.st.stm32cube.ide.mcu.externaltools.gnu-tools-for-stm32.11.3.rel1.win32_1.1.100.202309141235/tools/bin/../lib/gcc/arm-none-eabi/11.3.1/../../../../arm-none-eabi/lib/thumb/v7-m/nofp\libc_nano.a(libc_a-lock.o)
 .debug_frame   0x000000000000277c       0x38 D:/STM32_IDE/STM32CubeIDE_1.14.0/STM32CubeIDE/plugins/com.st.stm32cube.ide.mcu.externaltools.gnu-tools-for-stm32.11.3.rel1.win32_1.1.100.202309141235/tools/bin/../lib/gcc/arm-none-eabi/11.3.1/../../../../arm-none-eabi/lib/thumb/v7-m/nofp\libc_nano.a(libc_a-freer.o)
 .debug_frame   0x00000000000027b4       0x50 D:/STM32_IDE/STM32CubeIDE_1.14.0/STM32CubeIDE/plugins/com.st.stm32cube.ide.mcu.externaltools.gnu-tools-for-stm32.11.3.rel1.win32_1.1.100.202309141235/tools/bin/../lib/gcc/arm-none-eabi/11.3.1/../../../../arm-none-eabi/lib/thumb/v7-m/nofp\libc_nano.a(libc_a-mallocr.o)
 .debug_frame   0x0000000000002804       0x30 D:/STM32_IDE/STM32CubeIDE_1.14.0/STM32CubeIDE/plugins/com.st.stm32cube.ide.mcu.externaltools.gnu-tools-for-stm32.11.3.rel1.win32_1.1.100.202309141235/tools/bin/../lib/gcc/arm-none-eabi/11.3.1/../../../../arm-none-eabi/lib/thumb/v7-m/nofp\libc_nano.a(libc_a-mlock.o)
 .debug_frame   0x0000000000002834       0x90 D:/STM32_IDE/STM32CubeIDE_1.14.0/STM32CubeIDE/plugins/com.st.stm32cube.ide.mcu.externaltools.gnu-tools-for-stm32.11.3.rel1.win32_1.1.100.202309141235/tools/bin/../lib/gcc/arm-none-eabi/11.3.1/../../../../arm-none-eabi/lib/thumb/v7-m/nofp\libc_nano.a(libc_a-nano-svfprintf.o)
 .debug_frame   0x00000000000028c4       0x60 D:/STM32_IDE/STM32CubeIDE_1.14.0/STM32CubeIDE/plugins/com.st.stm32cube.ide.mcu.externaltools.gnu-tools-for-stm32.11.3.rel1.win32_1.1.100.202309141235/tools/bin/../lib/gcc/arm-none-eabi/11.3.1/../../../../arm-none-eabi/lib/thumb/v7-m/nofp\libc_nano.a(libc_a-nano-vfprintf_i.o)
 .debug_frame   0x0000000000002924       0x28 D:/STM32_IDE/STM32CubeIDE_1.14.0/STM32CubeIDE/plugins/com.st.stm32cube.ide.mcu.externaltools.gnu-tools-for-stm32.11.3.rel1.win32_1.1.100.202309141235/tools/bin/../lib/gcc/arm-none-eabi/11.3.1/../../../../arm-none-eabi/lib/thumb/v7-m/nofp\libc_nano.a(libc_a-memmove.o)
 .debug_frame   0x000000000000294c       0x2c D:/STM32_IDE/STM32CubeIDE_1.14.0/STM32CubeIDE/plugins/com.st.stm32cube.ide.mcu.externaltools.gnu-tools-for-stm32.11.3.rel1.win32_1.1.100.202309141235/tools/bin/../lib/gcc/arm-none-eabi/11.3.1/../../../../arm-none-eabi/lib/thumb/v7-m/nofp\libc_nano.a(libc_a-sbrkr.o)
 .debug_frame   0x0000000000002978       0x28 D:/STM32_IDE/STM32CubeIDE_1.14.0/STM32CubeIDE/plugins/com.st.stm32cube.ide.mcu.externaltools.gnu-tools-for-stm32.11.3.rel1.win32_1.1.100.202309141235/tools/bin/../lib/gcc/arm-none-eabi/11.3.1/../../../../arm-none-eabi/lib/thumb/v7-m/nofp\libc_nano.a(libc_a-memchr-stub.o)
 .debug_frame   0x00000000000029a0       0x28 D:/STM32_IDE/STM32CubeIDE_1.14.0/STM32CubeIDE/plugins/com.st.stm32cube.ide.mcu.externaltools.gnu-tools-for-stm32.11.3.rel1.win32_1.1.100.202309141235/tools/bin/../lib/gcc/arm-none-eabi/11.3.1/../../../../arm-none-eabi/lib/thumb/v7-m/nofp\libc_nano.a(libc_a-memcpy-stub.o)
 .debug_frame   0x00000000000029c8       0x3c D:/STM32_IDE/STM32CubeIDE_1.14.0/STM32CubeIDE/plugins/com.st.stm32cube.ide.mcu.externaltools.gnu-tools-for-stm32.11.3.rel1.win32_1.1.100.202309141235/tools/bin/../lib/gcc/arm-none-eabi/11.3.1/../../../../arm-none-eabi/lib/thumb/v7-m/nofp\libc_nano.a(libc_a-reallocr.o)
 .debug_frame   0x0000000000002a04       0x20 D:/STM32_IDE/STM32CubeIDE_1.14.0/STM32CubeIDE/plugins/com.st.stm32cube.ide.mcu.externaltools.gnu-tools-for-stm32.11.3.rel1.win32_1.1.100.202309141235/tools/bin/../lib/gcc/arm-none-eabi/11.3.1/../../../../arm-none-eabi/lib/thumb/v7-m/nofp\libc_nano.a(libc_a-msizer.o)
 .debug_frame   0x0000000000002a24       0x24 D:/STM32_IDE/STM32CubeIDE_1.14.0/STM32CubeIDE/plugins/com.st.stm32cube.ide.mcu.externaltools.gnu-tools-for-stm32.11.3.rel1.win32_1.1.100.202309141235/tools/bin/../lib/gcc/arm-none-eabi/11.3.1/thumb/v7-m/nofp\libgcc.a(_arm_mulsf3.o)
 .debug_frame   0x0000000000002a48       0xac D:/STM32_IDE/STM32CubeIDE_1.14.0/STM32CubeIDE/plugins/com.st.stm32cube.ide.mcu.externaltools.gnu-tools-for-stm32.11.3.rel1.win32_1.1.100.202309141235/tools/bin/../lib/gcc/arm-none-eabi/11.3.1/thumb/v7-m/nofp\libgcc.a(_arm_addsubdf3.o)
 .debug_frame   0x0000000000002af4       0x50 D:/STM32_IDE/STM32CubeIDE_1.14.0/STM32CubeIDE/plugins/com.st.stm32cube.ide.mcu.externaltools.gnu-tools-for-stm32.11.3.rel1.win32_1.1.100.202309141235/tools/bin/../lib/gcc/arm-none-eabi/11.3.1/thumb/v7-m/nofp\libgcc.a(_arm_muldivdf3.o)
 .debug_frame   0x0000000000002b44       0x24 D:/STM32_IDE/STM32CubeIDE_1.14.0/STM32CubeIDE/plugins/com.st.stm32cube.ide.mcu.externaltools.gnu-tools-for-stm32.11.3.rel1.win32_1.1.100.202309141235/tools/bin/../lib/gcc/arm-none-eabi/11.3.1/thumb/v7-m/nofp\libgcc.a(_arm_fixunsdfsi.o)
 .debug_frame   0x0000000000002b68       0x24 D:/STM32_IDE/STM32CubeIDE_1.14.0/STM32CubeIDE/plugins/com.st.stm32cube.ide.mcu.externaltools.gnu-tools-for-stm32.11.3.rel1.win32_1.1.100.202309141235/tools/bin/../lib/gcc/arm-none-eabi/11.3.1/thumb/v7-m/nofp\libgcc.a(_arm_truncdfsf2.o)
 .debug_frame   0x0000000000002b8c       0x4c D:/STM32_IDE/STM32CubeIDE_1.14.0/STM32CubeIDE/plugins/com.st.stm32cube.ide.mcu.externaltools.gnu-tools-for-stm32.11.3.rel1.win32_1.1.100.202309141235/tools/bin/../lib/gcc/arm-none-eabi/11.3.1/thumb/v7-m/nofp\libgcc.a(_arm_addsubsf3.o)

.debug_line_str
                0x0000000000000000       0x58
 .debug_line_str
                0x0000000000000000       0x58 ./Core/Startup/startup_stm32f103c8tx.o
                                         0x70 (size before relaxing)
