../Core/Src/main.c:103:6:menu_pointer	16	static
../Core/Src/main.c:123:6:DISPLAY_Init	8	static
../Core/Src/main.c:131:6:DISPLAY_Start	8	static
../Core/Src/main.c:144:6:DISPLAY_SELECT_Range	8	static
../Core/Src/main.c:157:6:STATE_BUTTON_Handle	4	static
../Core/Src/main.c:173:6:TASK_Handle	16	static
../Core/Src/main.c:537:5:main	16	static
../Core/Src/main.c:616:6:SystemClock_Config	88	static
../Core/Src/main.c:660:13:MX_ADC1_Init	24	static
../Core/Src/main.c:707:13:MX_I2C1_Init	8	static
../Core/Src/main.c:741:13:MX_GPIO_Init	40	static
../Core/Src/main.c:792:6:Error_Handler	4	static,ignoring_inline_asm
